#
# There is insufficient memory for the Java Runtime Environment to continue.
# Native memory allocation (malloc) failed to allocate 1048576 bytes. Error detail: AllocateHeap
# Possible reasons:
#   The system is out of physical RAM or swap space
#   This process is running with CompressedOops enabled, and the Java Heap may be blocking the growth of the native heap
# Possible solutions:
#   Reduce memory load on the system
#   Increase physical memory or swap space
#   Check if swap backing store is full
#   Decrease Java heap size (-Xmx/-Xms)
#   Decrease number of Java threads
#   Decrease Java thread stack sizes (-Xss)
#   Set larger code cache with -XX:ReservedCodeCacheSize=
#   JVM is running with Unscaled Compressed Oops mode in which the Java heap is
#     placed in the first 4GB address space. The Java Heap base address is the
#     maximum limit for the native heap growth. Please use -XX:HeapBaseMinAddress
#     to set the Java Heap base and to place the Java Heap above 4GB virtual address.
# This output file may be truncated or incomplete.
#
#  Out of Memory Error (allocation.cpp:44), pid=20384, tid=7324
#
# JRE version: OpenJDK Runtime Environment Temurin-21.0.11+10 (21.0.11+10) (build 21.0.11+10-LTS)
# Java VM: OpenJDK 64-Bit Server VM Temurin-21.0.11+10 (21.0.11+10-LTS, mixed mode, sharing, tiered, compressed oops, compressed class ptrs, parallel gc, windows-amd64)
# No core dump will be written. Minidumps are not enabled by default on client versions of Windows
#

---------------  S U M M A R Y ------------

Command Line: --add-modules=ALL-SYSTEM --add-opens=java.base/java.util=ALL-UNNAMED --add-opens=java.base/java.lang=ALL-UNNAMED --add-opens=java.base/sun.nio.fs=ALL-UNNAMED -Declipse.application=org.eclipse.jdt.ls.core.id1 -Dosgi.bundles.defaultStartLevel=4 -Declipse.product=org.eclipse.jdt.ls.core.product -Djava.import.generatesMetadataFilesAtProjectRoot=false -DDetectVMInstallationsJob.disabled=true -Dfile.encoding=utf8 -XX:+UseParallelGC -XX:GCTimeRatio=4 -XX:AdaptiveSizePolicyWeight=90 -Dsun.zip.disableMemoryMapping=true -Xmx2G -Xms100m -Xlog:disable -javaagent:c:\Users\digit\.antigravity\extensions\redhat.java-1.55.0-win32-x64\lombok\lombok-1.18.39-4050.jar -XX:+HeapDumpOnOutOfMemoryError -XX:HeapDumpPath=c:\Users\digit\AppData\Roaming\Antigravity\User\workspaceStorage\93b6f5fe83d92538670ccc65f9a9c866\redhat.java -Daether.dependencyCollector.impl=bf c:\Users\digit\.antigravity\extensions\redhat.java-1.55.0-win32-x64\server\plugins\org.eclipse.equinox.launcher_1.7.200.v20260619-2039.jar -configuration c:\Users\digit\AppData\Roaming\Antigravity\User\globalStorage\redhat.java\1.55.0\config_win -data c:\Users\digit\AppData\Roaming\Antigravity\User\workspaceStorage\93b6f5fe83d92538670ccc65f9a9c866\redhat.java\jdt_ws --pipe=\\.\pipe\lsp-b51b2b75fbc1204f0065a3e1c3dc7c6e-sock

Host: Intel(R) Core(TM) i5-6300U CPU @ 2.40GHz, 4 cores, 7G,  Windows 11 , 64 bit Build 22621 (10.0.22621.5415)
Time: Mon Jun 29 03:01:25 2026 elapsed time: 11774.786496 seconds (0d 3h 16m 14s)

---------------  T H R E A D  ---------------

Current thread (0x000001f07c3b44e0):  JavaThread "Attach Listener" daemon [_thread_in_vm, id=7324, stack(0x000000c3d6900000,0x000000c3d6a00000) (1024K)]

Stack: [0x000000c3d6900000,0x000000c3d6a00000]
Native frames: (J=compiled Java code, j=interpreted, Vv=VM code, C=native code)
V  [jvm.dll+0x6d7e19]
V  [jvm.dll+0x8b5096]
V  [jvm.dll+0x8b764e]
V  [jvm.dll+0x8b7d33]
V  [jvm.dll+0x284596]
V  [jvm.dll+0xc13c7]
V  [jvm.dll+0x6d86c9]
V  [jvm.dll+0x133616]
V  [jvm.dll+0x3f868e]
V  [jvm.dll+0x85fb0d]
V  [jvm.dll+0x6d664d]
C  [ucrtbase.dll+0x29333]
C  [KERNEL32.DLL+0x1259d]
C  [ntdll.dll+0x5af78]


---------------  P R O C E S S  ---------------

Threads class SMR info:
_java_thread_list=0x000001f07d118870, length=30, elements={
0x000001f072772b50, 0x000001f074a5c320, 0x000001f074a5df60, 0x000001f07c3b2b30,
0x000001f07c3b44e0, 0x000001f07c3b81c0, 0x000001f07c3b8c20, 0x000001f07c3b9a60,
0x000001f07c42d960, 0x000001f07d14df60, 0x000001f07d2c0ba0, 0x000001f07daf82d0,
0x000001f07da2be10, 0x000001f07db5e670, 0x000001f07db5ece0, 0x000001f07d41e340,
0x000001f07d95d990, 0x000001f07d175820, 0x000001f07d77dbb0, 0x000001f07d77ef60,
0x000001f07e5c89e0, 0x000001f07e5c8350, 0x000001f07e5c6280, 0x000001f07e5c6fa0,
0x000001f07e5c7cc0, 0x000001f07e5c4ed0, 0x000001f07e5c9070, 0x000001f07e5c4840,
0x000001f07e5ca420, 0x000001f07e784980
}

Java Threads: ( => current thread )
  0x000001f072772b50 JavaThread "main"                              [_thread_blocked, id=20392, stack(0x000000c3d6200000,0x000000c3d6300000) (1024K)]
  0x000001f074a5c320 JavaThread "Reference Handler"          daemon [_thread_blocked, id=17748, stack(0x000000c3d6600000,0x000000c3d6700000) (1024K)]
  0x000001f074a5df60 JavaThread "Finalizer"                  daemon [_thread_blocked, id=19624, stack(0x000000c3d6700000,0x000000c3d6800000) (1024K)]
  0x000001f07c3b2b30 JavaThread "Signal Dispatcher"          daemon [_thread_blocked, id=548, stack(0x000000c3d6800000,0x000000c3d6900000) (1024K)]
=>0x000001f07c3b44e0 JavaThread "Attach Listener"            daemon [_thread_in_vm, id=7324, stack(0x000000c3d6900000,0x000000c3d6a00000) (1024K)]
  0x000001f07c3b81c0 JavaThread "Service Thread"             daemon [_thread_blocked, id=14728, stack(0x000000c3d6a00000,0x000000c3d6b00000) (1024K)]
  0x000001f07c3b8c20 JavaThread "Monitor Deflation Thread"   daemon [_thread_blocked, id=19476, stack(0x000000c3d6b00000,0x000000c3d6c00000) (1024K)]
  0x000001f07c3b9a60 JavaThread "C2 CompilerThread0"         daemon [_thread_blocked, id=19896, stack(0x000000c3d6c00000,0x000000c3d6d00000) (1024K)]
  0x000001f07c42d960 JavaThread "C1 CompilerThread0"         daemon [_thread_blocked, id=17816, stack(0x000000c3d6d00000,0x000000c3d6e00000) (1024K)]
  0x000001f07d14df60 JavaThread "Common-Cleaner"             daemon [_thread_blocked, id=8252, stack(0x000000c3d6e00000,0x000000c3d6f00000) (1024K)]
  0x000001f07d2c0ba0 JavaThread "Notification Thread"        daemon [_thread_blocked, id=16904, stack(0x000000c3d6f00000,0x000000c3d7000000) (1024K)]
  0x000001f07daf82d0 JavaThread "Active Thread: Equinox Container: b701ded8-529b-4840-999d-674d2fc9133c"        [_thread_blocked, id=19188, stack(0x000000c3d7400000,0x000000c3d7500000) (1024K)]
  0x000001f07da2be10 JavaThread "Refresh Thread: Equinox Container: b701ded8-529b-4840-999d-674d2fc9133c" daemon [_thread_blocked, id=14220, stack(0x000000c3d7000000,0x000000c3d7100000) (1024K)]
  0x000001f07db5e670 JavaThread "Framework Event Dispatcher: Equinox Container: b701ded8-529b-4840-999d-674d2fc9133c" daemon [_thread_blocked, id=9244, stack(0x000000c3d7500000,0x000000c3d7600000) (1024K)]
  0x000001f07db5ece0 JavaThread "Start Level: Equinox Container: b701ded8-529b-4840-999d-674d2fc9133c" daemon [_thread_blocked, id=17928, stack(0x000000c3d7600000,0x000000c3d7700000) (1024K)]
  0x000001f07d41e340 JavaThread "Bundle File Closer"         daemon [_thread_blocked, id=17584, stack(0x000000c3d7700000,0x000000c3d7800000) (1024K)]
  0x000001f07d95d990 JavaThread "SCR Component Actor"        daemon [_thread_blocked, id=20412, stack(0x000000c3d7800000,0x000000c3d7900000) (1024K)]
  0x000001f07d175820 JavaThread "Worker-JM"                         [_thread_blocked, id=10208, stack(0x000000c3d7900000,0x000000c3d7a00000) (1024K)]
  0x000001f07d77dbb0 JavaThread "JNA Cleaner"                daemon [_thread_blocked, id=19492, stack(0x000000c3d7a00000,0x000000c3d7b00000) (1024K)]
  0x000001f07d77ef60 JavaThread "Worker-0"                          [_thread_blocked, id=17504, stack(0x000000c3d7b00000,0x000000c3d7c00000) (1024K)]
  0x000001f07e5c89e0 JavaThread "Java indexing"              daemon [_thread_blocked, id=16132, stack(0x000000c3d7f00000,0x000000c3d8000000) (1024K)]
  0x000001f07e5c8350 JavaThread "Thread-1"                   daemon [_thread_in_native, id=14848, stack(0x000000c3d8400000,0x000000c3d8500000) (1024K)]
  0x000001f07e5c6280 JavaThread "Thread-2"                   daemon [_thread_in_native, id=11792, stack(0x000000c3d8500000,0x000000c3d8600000) (1024K)]
  0x000001f07e5c6fa0 JavaThread "Thread-3"                   daemon [_thread_in_native, id=9948, stack(0x000000c3d8600000,0x000000c3d8700000) (1024K)]
  0x000001f07e5c7cc0 JavaThread "Thread-4"                   daemon [_thread_in_native, id=16092, stack(0x000000c3d8700000,0x000000c3d8800000) (1024K)]
  0x000001f07e5c4ed0 JavaThread "Thread-5"                   daemon [_thread_in_native, id=10020, stack(0x000000c3d8800000,0x000000c3d8900000) (1024K)]
  0x000001f07e5c9070 JavaThread "pool-2-thread-1"                   [_thread_blocked, id=11208, stack(0x000000c3d8900000,0x000000c3d8a00000) (1024K)]
  0x000001f07e5c4840 JavaThread "WorkspaceEventsHandler"            [_thread_blocked, id=6204, stack(0x000000c3d8d00000,0x000000c3d8e00000) (1024K)]
  0x000001f07e5ca420 JavaThread "pool-1-thread-1"                   [_thread_blocked, id=2828, stack(0x000000c3d8e00000,0x000000c3d8f00000) (1024K)]
  0x000001f07e784980 JavaThread "Worker-5"                          [_thread_blocked, id=22976, stack(0x000000c3d8200000,0x000000c3d8300000) (1024K)]
Total: 30

Other Threads:
  0x000001f07c3aeff0 VMThread "VM Thread"                           [id=19648, stack(0x000000c3d6500000,0x000000c3d6600000) (1024K)]
  0x000001f074a349e0 WatcherThread "VM Periodic Task Thread"        [id=19556, stack(0x000000c3d6400000,0x000000c3d6500000) (1024K)]
  0x000001f0749e57e0 WorkerThread "GC Thread#0"                     [id=19900, stack(0x000000c3d6300000,0x000000c3d6400000) (1024K)]
  0x000001f07d730b70 WorkerThread "GC Thread#1"                     [id=9088, stack(0x000000c3d7100000,0x000000c3d7200000) (1024K)]
  0x000001f07d6abad0 WorkerThread "GC Thread#2"                     [id=14092, stack(0x000000c3d7200000,0x000000c3d7300000) (1024K)]
  0x000001f07d730f20 WorkerThread "GC Thread#3"                     [id=5336, stack(0x000000c3d7300000,0x000000c3d7400000) (1024K)]
Total: 6

Threads with active compile tasks:
Total: 0

VM state: not at safepoint (normal execution)

VM Mutex/Monitor currently owned by a thread: None

Heap address: 0x0000000080000000, size: 2048 MB, Compressed Oops mode: 32-bit

CDS archive(s) mapped at: [0x000001f00f000000-0x000001f00fba0000-0x000001f00fba0000), size 12189696, SharedBaseAddress: 0x000001f00f000000, ArchiveRelocationMode: 1.
Compressed class space mapped at: 0x000001f010000000-0x000001f050000000, reserved size: 1073741824
Narrow klass base: 0x000001f00f000000, Narrow klass shift: 0, Narrow klass range: 0x100000000

GC Precious Log:
 CardTable entry size: 512
 CPUs: 4 total, 4 available
 Memory: 8047M
 Large Page Support: Disabled
 NUMA Support: Disabled
 Compressed Oops: Enabled (32-bit)
 Alignments: Space 512K, Generation 512K, Heap 2M
 Heap Min Capacity: 100M
 Heap Initial Capacity: 100M
 Heap Max Capacity: 2G
 Pre-touch: Disabled
 Parallel Workers: 4

Heap:
 PSYoungGen      total 18432K, used 14221K [0x00000000d5580000, 0x00000000d6b80000, 0x0000000100000000)
  eden space 16896K, 76% used [0x00000000d5580000,0x00000000d6233488,0x00000000d6600000)
  from space 1536K, 79% used [0x00000000d6a00000,0x00000000d6b30000,0x00000000d6b80000)
  to   space 2048K, 0% used [0x00000000d6780000,0x00000000d6780000,0x00000000d6980000)
 ParOldGen       total 103936K, used 103882K [0x0000000080000000, 0x0000000086580000, 0x00000000d5580000)
  object space 103936K, 99% used [0x0000000080000000,0x0000000086572b40,0x0000000086580000)
 Metaspace       used 68911K, committed 70592K, reserved 1114112K
  class space    used 7104K, committed 7872K, reserved 1048576K

Card table byte_map: [0x000001f074360000,0x000001f074770000] _byte_map_base: 0x000001f073f60000

Marking Bits: (ParMarkBitMap*) 0x00007ff8d8424460
 Begin Bits: [0x000001f077e50000, 0x000001f079e50000)
 End Bits:   [0x000001f079e50000, 0x000001f07be50000)

Polling page: 0x000001f0729d0000

Metaspace:

Usage:
  Non-class:     60.36 MB used.
      Class:      6.94 MB used.
       Both:     67.30 MB used.

Virtual space:
  Non-class space:       64.00 MB reserved,      61.25 MB ( 96%) committed,  1 nodes.
      Class space:        1.00 GB reserved,       7.69 MB ( <1%) committed,  1 nodes.
             Both:        1.06 GB reserved,      68.94 MB (  6%) committed. 

Chunk freelists:
   Non-Class:  2.30 MB
       Class:  8.23 MB
        Both:  10.52 MB

MaxMetaspaceSize: unlimited
CompressedClassSpaceSize: 1.00 GB
Initial GC threshold: 21.00 MB
Current GC threshold: 97.31 MB
CDS: on
 - commit_granule_bytes: 65536.
 - commit_granule_words: 8192.
 - virtual_space_node_default_size: 8388608.
 - enlarge_chunks_in_place: 1.
 - use_allocation_guard: 0.


Internal statistics:

num_allocs_failed_limit: 9.
num_arena_births: 1328.
num_arena_deaths: 14.
num_vsnodes_births: 2.
num_vsnodes_deaths: 0.
num_space_committed: 1103.
num_space_uncommitted: 0.
num_chunks_returned_to_freelist: 23.
num_chunks_taken_from_freelist: 4660.
num_chunk_merges: 12.
num_chunk_splits: 2841.
num_chunks_enlarged: 1580.
num_inconsistent_stats: 0.

CodeHeap 'non-profiled nmethods': size=120000Kb used=12435Kb max_used=12435Kb free=107564Kb
 bounds [0x000001f007ad0000, 0x000001f008700000, 0x000001f00f000000]
CodeHeap 'profiled nmethods': size=120000Kb used=33360Kb max_used=33360Kb free=86639Kb
 bounds [0x000001f000000000, 0x000001f0020a0000, 0x000001f007530000]
CodeHeap 'non-nmethods': size=5760Kb used=1433Kb max_used=1536Kb free=4327Kb
 bounds [0x000001f007530000, 0x000001f0077a0000, 0x000001f007ad0000]
CodeCache: size=245760Kb, used=47228Kb, max_used=47331Kb, free=198530Kb
 total_blobs=14341, nmethods=13597, adapters=649, full_count=0
Compilation: enabled, stopped_count=0, restarted_count=0

Compilation events (20 events):
Event: 11743.855 Thread 0x000001f07c42d960 14416       3       org.eclipse.jdt.ls.core.internal.filesystem.JLSFile::getChild (121 bytes)
Event: 11743.923 Thread 0x000001f07c42d960 nmethod 14416 0x000001f00208e490 code [0x000001f00208e880, 0x000001f00208ff78]
Event: 11743.924 Thread 0x000001f07c42d960 14417       3       java.nio.CharBuffer::allocate (20 bytes)
Event: 11743.926 Thread 0x000001f07c42d960 nmethod 14417 0x000001f002090890 code [0x000001f002090a60, 0x000001f002090c78]
Event: 11743.926 Thread 0x000001f07c42d960 14418       3       java.nio.HeapCharBuffer::<init> (21 bytes)
Event: 11743.931 Thread 0x000001f07c42d960 nmethod 14418 0x000001f002090d90 code [0x000001f002090f40, 0x000001f002091158]
Event: 11743.939 Thread 0x000001f07c42d960 14419       3       java.net.URI::normalize (65 bytes)
Event: 11743.943 Thread 0x000001f07c42d960 nmethod 14419 0x000001f002091290 code [0x000001f002091500, 0x000001f002091b58]
Event: 11743.945 Thread 0x000001f07c42d960 14420       3       org.eclipse.core.internal.runtime.InternalPlatform::getOS (17 bytes)
Event: 11743.957 Thread 0x000001f07c3b9a60 14423       4       java.io.File::getParent (65 bytes)
Event: 11744.074 Thread 0x000001f07c42d960 nmethod 14420 0x000001f002091d90 code [0x000001f002091fe0, 0x000001f0020926d0]
Event: 11744.074 Thread 0x000001f07c42d960 14421       3       org.eclipse.core.internal.runtime.InternalPlatform::getContextProperty (24 bytes)
Event: 11744.075 Thread 0x000001f07c42d960 nmethod 14421 0x000001f002092a10 code [0x000001f002092c40, 0x000001f002093268]
Event: 11744.075 Thread 0x000001f07c42d960 14422       3       org.eclipse.core.runtime.Platform::getOS (7 bytes)
Event: 11744.089 Thread 0x000001f07c42d960 nmethod 14422 0x000001f002093510 code [0x000001f002093760, 0x000001f002093ec0]
Event: 11744.108 Thread 0x000001f07c3b9a60 nmethod 14423 0x000001f0086f3390 code [0x000001f0086f3560, 0x000001f0086f3c00]
Event: 11744.109 Thread 0x000001f07c3b9a60 14425       4       org.eclipse.core.runtime.IPath::fromOSString (9 bytes)
Event: 11744.114 Thread 0x000001f07c3b9a60 nmethod 14425 0x000001f0086f4010 code [0x000001f0086f41a0, 0x000001f0086f42b0]
Event: 11744.114 Thread 0x000001f07c3b9a60 14424       4       java.io.File::getName (42 bytes)
Event: 11744.131 Thread 0x000001f07c3b9a60 nmethod 14424 0x000001f0086f4390 code [0x000001f0086f4560, 0x000001f0086f4b60]

GC Heap History (20 events):
Event: 80.355 GC heap before
{Heap before GC invocations=70 (full 3):
 PSYoungGen      total 18944K, used 18881K [0x00000000d5580000, 0x00000000d6c00000, 0x0000000100000000)
  eden space 16896K, 100% used [0x00000000d5580000,0x00000000d6600000,0x00000000d6600000)
  from space 2048K, 96% used [0x00000000d6a00000,0x00000000d6bf05e0,0x00000000d6c00000)
  to   space 2560K, 0% used [0x00000000d6700000,0x00000000d6700000,0x00000000d6980000)
 ParOldGen       total 75264K, used 75165K [0x0000000080000000, 0x0000000084980000, 0x00000000d5580000)
  object space 75264K, 99% used [0x0000000080000000,0x00000000849675d8,0x0000000084980000)
 Metaspace       used 64629K, committed 66176K, reserved 1114112K
  class space    used 6700K, committed 7424K, reserved 1048576K
}
Event: 80.373 GC heap after
{Heap after GC invocations=70 (full 3):
 PSYoungGen      total 19456K, used 2547K [0x00000000d5580000, 0x00000000d7a00000, 0x0000000100000000)
  eden space 16896K, 0% used [0x00000000d5580000,0x00000000d5580000,0x00000000d6600000)
  from space 2560K, 99% used [0x00000000d6700000,0x00000000d697ccd8,0x00000000d6980000)
  to   space 10240K, 0% used [0x00000000d7000000,0x00000000d7000000,0x00000000d7a00000)
 ParOldGen       total 81408K, used 81262K [0x0000000080000000, 0x0000000084f80000, 0x00000000d5580000)
  object space 81408K, 99% used [0x0000000080000000,0x0000000084f5b820,0x0000000084f80000)
 Metaspace       used 64629K, committed 66176K, reserved 1114112K
  class space    used 6700K, committed 7424K, reserved 1048576K
}
Event: 81.160 GC heap before
{Heap before GC invocations=71 (full 3):
 PSYoungGen      total 19456K, used 19443K [0x00000000d5580000, 0x00000000d7a00000, 0x0000000100000000)
  eden space 16896K, 100% used [0x00000000d5580000,0x00000000d6600000,0x00000000d6600000)
  from space 2560K, 99% used [0x00000000d6700000,0x00000000d697ccd8,0x00000000d6980000)
  to   space 10240K, 0% used [0x00000000d7000000,0x00000000d7000000,0x00000000d7a00000)
 ParOldGen       total 81408K, used 81262K [0x0000000080000000, 0x0000000084f80000, 0x00000000d5580000)
  object space 81408K, 99% used [0x0000000080000000,0x0000000084f5b820,0x0000000084f80000)
 Metaspace       used 64794K, committed 66432K, reserved 1114112K
  class space    used 6707K, committed 7424K, reserved 1048576K
}
Event: 81.167 GC heap after
{Heap after GC invocations=71 (full 3):
 PSYoungGen      total 22016K, used 5031K [0x00000000d5580000, 0x00000000d7500000, 0x0000000100000000)
  eden space 16896K, 0% used [0x00000000d5580000,0x00000000d5580000,0x00000000d6600000)
  from space 5120K, 98% used [0x00000000d7000000,0x00000000d74e9c30,0x00000000d7500000)
  to   space 6656K, 0% used [0x00000000d6800000,0x00000000d6800000,0x00000000d6e80000)
 ParOldGen       total 83968K, used 83732K [0x0000000080000000, 0x0000000085200000, 0x00000000d5580000)
  object space 83968K, 99% used [0x0000000080000000,0x00000000851c51e0,0x0000000085200000)
 Metaspace       used 64794K, committed 66432K, reserved 1114112K
  class space    used 6707K, committed 7424K, reserved 1048576K
}
Event: 81.940 GC heap before
{Heap before GC invocations=72 (full 3):
 PSYoungGen      total 22016K, used 21927K [0x00000000d5580000, 0x00000000d7500000, 0x0000000100000000)
  eden space 16896K, 100% used [0x00000000d5580000,0x00000000d6600000,0x00000000d6600000)
  from space 5120K, 98% used [0x00000000d7000000,0x00000000d74e9c30,0x00000000d7500000)
  to   space 6656K, 0% used [0x00000000d6800000,0x00000000d6800000,0x00000000d6e80000)
 ParOldGen       total 83968K, used 83732K [0x0000000080000000, 0x0000000085200000, 0x00000000d5580000)
  object space 83968K, 99% used [0x0000000080000000,0x00000000851c51e0,0x0000000085200000)
 Metaspace       used 65029K, committed 66624K, reserved 1114112K
  class space    used 6741K, committed 7424K, reserved 1048576K
}
Event: 81.947 GC heap after
{Heap after GC invocations=72 (full 3):
 PSYoungGen      total 21504K, used 4101K [0x00000000d5580000, 0x00000000d7080000, 0x0000000100000000)
  eden space 16896K, 0% used [0x00000000d5580000,0x00000000d5580000,0x00000000d6600000)
  from space 4608K, 89% used [0x00000000d6800000,0x00000000d6c015a8,0x00000000d6c80000)
  to   space 4096K, 0% used [0x00000000d6c80000,0x00000000d6c80000,0x00000000d7080000)
 ParOldGen       total 88576K, used 88325K [0x0000000080000000, 0x0000000085680000, 0x00000000d5580000)
  object space 88576K, 99% used [0x0000000080000000,0x0000000085641598,0x0000000085680000)
 Metaspace       used 65029K, committed 66624K, reserved 1114112K
  class space    used 6741K, committed 7424K, reserved 1048576K
}
Event: 82.440 GC heap before
{Heap before GC invocations=73 (full 3):
 PSYoungGen      total 21504K, used 20997K [0x00000000d5580000, 0x00000000d7080000, 0x0000000100000000)
  eden space 16896K, 100% used [0x00000000d5580000,0x00000000d6600000,0x00000000d6600000)
  from space 4608K, 89% used [0x00000000d6800000,0x00000000d6c015a8,0x00000000d6c80000)
  to   space 4096K, 0% used [0x00000000d6c80000,0x00000000d6c80000,0x00000000d7080000)
 ParOldGen       total 88576K, used 88325K [0x0000000080000000, 0x0000000085680000, 0x00000000d5580000)
  object space 88576K, 99% used [0x0000000080000000,0x0000000085641598,0x0000000085680000)
 Metaspace       used 65084K, committed 66624K, reserved 1114112K
  class space    used 6750K, committed 7424K, reserved 1048576K
}
Event: 82.447 GC heap after
{Heap after GC invocations=73 (full 3):
 PSYoungGen      total 19968K, used 3060K [0x00000000d5580000, 0x00000000d6f80000, 0x0000000100000000)
  eden space 16896K, 0% used [0x00000000d5580000,0x00000000d5580000,0x00000000d6600000)
  from space 3072K, 99% used [0x00000000d6c80000,0x00000000d6f7d210,0x00000000d6f80000)
  to   space 3584K, 0% used [0x00000000d6880000,0x00000000d6880000,0x00000000d6c00000)
 ParOldGen       total 91648K, used 91536K [0x0000000080000000, 0x0000000085980000, 0x00000000d5580000)
  object space 91648K, 99% used [0x0000000080000000,0x00000000859641f8,0x0000000085980000)
 Metaspace       used 65084K, committed 66624K, reserved 1114112K
  class space    used 6750K, committed 7424K, reserved 1048576K
}
Event: 83.866 GC heap before
{Heap before GC invocations=74 (full 3):
 PSYoungGen      total 19968K, used 19956K [0x00000000d5580000, 0x00000000d6f80000, 0x0000000100000000)
  eden space 16896K, 100% used [0x00000000d5580000,0x00000000d6600000,0x00000000d6600000)
  from space 3072K, 99% used [0x00000000d6c80000,0x00000000d6f7d210,0x00000000d6f80000)
  to   space 3584K, 0% used [0x00000000d6880000,0x00000000d6880000,0x00000000d6c00000)
 ParOldGen       total 91648K, used 91536K [0x0000000080000000, 0x0000000085980000, 0x00000000d5580000)
  object space 91648K, 99% used [0x0000000080000000,0x00000000859641f8,0x0000000085980000)
 Metaspace       used 65345K, committed 66880K, reserved 1114112K
  class space    used 6761K, committed 7424K, reserved 1048576K
}
Event: 83.871 GC heap after
{Heap after GC invocations=74 (full 3):
 PSYoungGen      total 17920K, used 564K [0x00000000d5580000, 0x00000000d6d00000, 0x0000000100000000)
  eden space 16896K, 0% used [0x00000000d5580000,0x00000000d5580000,0x00000000d6600000)
  from space 1024K, 55% used [0x00000000d6880000,0x00000000d690d200,0x00000000d6980000)
  to   space 2048K, 0% used [0x00000000d6b00000,0x00000000d6b00000,0x00000000d6d00000)
 ParOldGen       total 94208K, used 93832K [0x0000000080000000, 0x0000000085c00000, 0x00000000d5580000)
  object space 94208K, 99% used [0x0000000080000000,0x0000000085ba2208,0x0000000085c00000)
 Metaspace       used 65345K, committed 66880K, reserved 1114112K
  class space    used 6761K, committed 7424K, reserved 1048576K
}
Event: 3873.151 GC heap before
{Heap before GC invocations=75 (full 3):
 PSYoungGen      total 17920K, used 17446K [0x00000000d5580000, 0x00000000d6d00000, 0x0000000100000000)
  eden space 16896K, 99% used [0x00000000d5580000,0x00000000d65fc6b0,0x00000000d6600000)
  from space 1024K, 55% used [0x00000000d6880000,0x00000000d690d200,0x00000000d6980000)
  to   space 2048K, 0% used [0x00000000d6b00000,0x00000000d6b00000,0x00000000d6d00000)
 ParOldGen       total 94208K, used 93832K [0x0000000080000000, 0x0000000085c00000, 0x00000000d5580000)
  object space 94208K, 99% used [0x0000000080000000,0x0000000085ba2208,0x0000000085c00000)
 Metaspace       used 66375K, committed 67968K, reserved 1114112K
  class space    used 6868K, committed 7552K, reserved 1048576K
}
Event: 3873.364 GC heap after
{Heap after GC invocations=75 (full 3):
 PSYoungGen      total 18944K, used 2030K [0x00000000d5580000, 0x00000000d6d00000, 0x0000000100000000)
  eden space 16896K, 0% used [0x00000000d5580000,0x00000000d5580000,0x00000000d6600000)
  from space 2048K, 99% used [0x00000000d6b00000,0x00000000d6cfba18,0x00000000d6d00000)
  to   space 3584K, 0% used [0x00000000d6600000,0x00000000d6600000,0x00000000d6980000)
 ParOldGen       total 94720K, used 94617K [0x0000000080000000, 0x0000000085c80000, 0x00000000d5580000)
  object space 94720K, 99% used [0x0000000080000000,0x0000000085c666d0,0x0000000085c80000)
 Metaspace       used 66375K, committed 67968K, reserved 1114112K
  class space    used 6868K, committed 7552K, reserved 1048576K
}
Event: 3874.363 GC heap before
{Heap before GC invocations=76 (full 3):
 PSYoungGen      total 18944K, used 18926K [0x00000000d5580000, 0x00000000d6d00000, 0x0000000100000000)
  eden space 16896K, 100% used [0x00000000d5580000,0x00000000d6600000,0x00000000d6600000)
  from space 2048K, 99% used [0x00000000d6b00000,0x00000000d6cfba18,0x00000000d6d00000)
  to   space 3584K, 0% used [0x00000000d6600000,0x00000000d6600000,0x00000000d6980000)
 ParOldGen       total 94720K, used 94617K [0x0000000080000000, 0x0000000085c80000, 0x00000000d5580000)
  object space 94720K, 99% used [0x0000000080000000,0x0000000085c666d0,0x0000000085c80000)
 Metaspace       used 66611K, committed 68160K, reserved 1114112K
  class space    used 6890K, committed 7552K, reserved 1048576K
}
Event: 3874.381 GC heap after
{Heap after GC invocations=76 (full 3):
 PSYoungGen      total 20480K, used 3553K [0x00000000d5580000, 0x00000000d7200000, 0x0000000100000000)
  eden space 16896K, 0% used [0x00000000d5580000,0x00000000d5580000,0x00000000d6600000)
  from space 3584K, 99% used [0x00000000d6600000,0x00000000d6978430,0x00000000d6980000)
  to   space 6144K, 0% used [0x00000000d6c00000,0x00000000d6c00000,0x00000000d7200000)
 ParOldGen       total 96768K, used 96633K [0x0000000080000000, 0x0000000085e80000, 0x00000000d5580000)
  object space 96768K, 99% used [0x0000000080000000,0x0000000085e5e748,0x0000000085e80000)
 Metaspace       used 66611K, committed 68160K, reserved 1114112K
  class space    used 6890K, committed 7552K, reserved 1048576K
}
Event: 3876.808 GC heap before
{Heap before GC invocations=77 (full 3):
 PSYoungGen      total 20480K, used 20449K [0x00000000d5580000, 0x00000000d7200000, 0x0000000100000000)
  eden space 16896K, 100% used [0x00000000d5580000,0x00000000d6600000,0x00000000d6600000)
  from space 3584K, 99% used [0x00000000d6600000,0x00000000d6978430,0x00000000d6980000)
  to   space 6144K, 0% used [0x00000000d6c00000,0x00000000d6c00000,0x00000000d7200000)
 ParOldGen       total 96768K, used 96633K [0x0000000080000000, 0x0000000085e80000, 0x00000000d5580000)
  object space 96768K, 99% used [0x0000000080000000,0x0000000085e5e748,0x0000000085e80000)
 Metaspace       used 66978K, committed 68544K, reserved 1114112K
  class space    used 6913K, committed 7616K, reserved 1048576K
}
Event: 3876.817 GC heap after
{Heap after GC invocations=77 (full 3):
 PSYoungGen      total 19456K, used 2416K [0x00000000d5580000, 0x00000000d6e80000, 0x0000000100000000)
  eden space 16896K, 0% used [0x00000000d5580000,0x00000000d5580000,0x00000000d6600000)
  from space 2560K, 94% used [0x00000000d6c00000,0x00000000d6e5c030,0x00000000d6e80000)
  to   space 3584K, 0% used [0x00000000d6780000,0x00000000d6780000,0x00000000d6b00000)
 ParOldGen       total 100352K, used 100042K [0x0000000080000000, 0x0000000086200000, 0x00000000d5580000)
  object space 100352K, 99% used [0x0000000080000000,0x00000000861b2910,0x0000000086200000)
 Metaspace       used 66978K, committed 68544K, reserved 1114112K
  class space    used 6913K, committed 7616K, reserved 1048576K
}
Event: 3880.311 GC heap before
{Heap before GC invocations=78 (full 3):
 PSYoungGen      total 19456K, used 19312K [0x00000000d5580000, 0x00000000d6e80000, 0x0000000100000000)
  eden space 16896K, 100% used [0x00000000d5580000,0x00000000d6600000,0x00000000d6600000)
  from space 2560K, 94% used [0x00000000d6c00000,0x00000000d6e5c030,0x00000000d6e80000)
  to   space 3584K, 0% used [0x00000000d6780000,0x00000000d6780000,0x00000000d6b00000)
 ParOldGen       total 100352K, used 100042K [0x0000000080000000, 0x0000000086200000, 0x00000000d5580000)
  object space 100352K, 99% used [0x0000000080000000,0x00000000861b2910,0x0000000086200000)
 Metaspace       used 67398K, committed 68992K, reserved 1114112K
  class space    used 6945K, committed 7616K, reserved 1048576K
}
Event: 3880.322 GC heap after
{Heap after GC invocations=78 (full 3):
 PSYoungGen      total 19456K, used 2240K [0x00000000d5580000, 0x00000000d6c80000, 0x0000000100000000)
  eden space 16896K, 0% used [0x00000000d5580000,0x00000000d5580000,0x00000000d6600000)
  from space 2560K, 87% used [0x00000000d6780000,0x00000000d69b0000,0x00000000d6a00000)
  to   space 2560K, 0% used [0x00000000d6a00000,0x00000000d6a00000,0x00000000d6c80000)
 ParOldGen       total 102400K, used 102193K [0x0000000080000000, 0x0000000086400000, 0x00000000d5580000)
  object space 102400K, 99% used [0x0000000080000000,0x00000000863cc7a0,0x0000000086400000)
 Metaspace       used 67398K, committed 68992K, reserved 1114112K
  class space    used 6945K, committed 7616K, reserved 1048576K
}
Event: 3881.284 GC heap before
{Heap before GC invocations=79 (full 3):
 PSYoungGen      total 19456K, used 19136K [0x00000000d5580000, 0x00000000d6c80000, 0x0000000100000000)
  eden space 16896K, 100% used [0x00000000d5580000,0x00000000d6600000,0x00000000d6600000)
  from space 2560K, 87% used [0x00000000d6780000,0x00000000d69b0000,0x00000000d6a00000)
  to   space 2560K, 0% used [0x00000000d6a00000,0x00000000d6a00000,0x00000000d6c80000)
 ParOldGen       total 102400K, used 102193K [0x0000000080000000, 0x0000000086400000, 0x00000000d5580000)
  object space 102400K, 99% used [0x0000000080000000,0x00000000863cc7a0,0x0000000086400000)
 Metaspace       used 67883K, committed 69440K, reserved 1114112K
  class space    used 7008K, committed 7680K, reserved 1048576K
}
Event: 3881.298 GC heap after
{Heap after GC invocations=79 (full 3):
 PSYoungGen      total 18432K, used 1216K [0x00000000d5580000, 0x00000000d6b80000, 0x0000000100000000)
  eden space 16896K, 0% used [0x00000000d5580000,0x00000000d5580000,0x00000000d6600000)
  from space 1536K, 79% used [0x00000000d6a00000,0x00000000d6b30000,0x00000000d6b80000)
  to   space 2048K, 0% used [0x00000000d6780000,0x00000000d6780000,0x00000000d6980000)
 ParOldGen       total 103936K, used 103882K [0x0000000080000000, 0x0000000086580000, 0x00000000d5580000)
  object space 103936K, 99% used [0x0000000080000000,0x0000000086572b40,0x0000000086580000)
 Metaspace       used 67883K, committed 69440K, reserved 1114112K
  class space    used 7008K, committed 7680K, reserved 1048576K
}

Dll operation events (10 events):
Event: 0.268 Loaded shared library c:\Users\digit\.antigravity\extensions\redhat.java-1.55.0-win32-x64\jre\21.0.11-win32-x86_64\bin\java.dll
Event: 0.620 Loaded shared library c:\Users\digit\.antigravity\extensions\redhat.java-1.55.0-win32-x64\jre\21.0.11-win32-x86_64\bin\zip.dll
Event: 0.695 Loaded shared library C:\Users\digit\.antigravity\extensions\redhat.java-1.55.0-win32-x64\jre\21.0.11-win32-x86_64\bin\instrument.dll
Event: 0.702 Loaded shared library C:\Users\digit\.antigravity\extensions\redhat.java-1.55.0-win32-x64\jre\21.0.11-win32-x86_64\bin\net.dll
Event: 0.705 Loaded shared library C:\Users\digit\.antigravity\extensions\redhat.java-1.55.0-win32-x64\jre\21.0.11-win32-x86_64\bin\nio.dll
Event: 0.729 Loaded shared library C:\Users\digit\.antigravity\extensions\redhat.java-1.55.0-win32-x64\jre\21.0.11-win32-x86_64\bin\zip.dll
Event: 0.785 Loaded shared library C:\Users\digit\.antigravity\extensions\redhat.java-1.55.0-win32-x64\jre\21.0.11-win32-x86_64\bin\jimage.dll
Event: 1.099 Loaded shared library c:\Users\digit\.antigravity\extensions\redhat.java-1.55.0-win32-x64\jre\21.0.11-win32-x86_64\bin\verify.dll
Event: 10.932 Loaded shared library C:\Users\digit\AppData\Roaming\Antigravity\User\globalStorage\redhat.java\1.55.0\config_win\org.eclipse.equinox.launcher\org.eclipse.equinox.launcher.win32.win32.x86_64_1.3.100.v20260613-0559\eclipse_11924.dll
Event: 19.111 Loaded shared library C:\Users\digit\AppData\Local\Temp\jna-95582509\jna17539613681018081541.dll

Deoptimization events (20 events):
Event: 4171.724 Thread 0x000001f07d77ef60 Uncommon trap: trap_request=0xffffffde fr.pc=0x000001f007e268fc relative=0x000000000000033c
Event: 4171.724 Thread 0x000001f07d77ef60 Uncommon trap: reason=class_check action=maybe_recompile pc=0x000001f007e268fc method=java.io.DataOutputStream.writeByte(I)V @ 5 c2
Event: 4171.724 Thread 0x000001f07d77ef60 DEOPT PACKING pc=0x000001f007e268fc sp=0x000000c3d7bfebe0
Event: 4171.724 Thread 0x000001f07d77ef60 DEOPT UNPACKING pc=0x000001f007583aa2 sp=0x000000c3d7bfeb98 mode 2
Event: 4171.724 Thread 0x000001f07d77ef60 Uncommon trap: trap_request=0xffffffde fr.pc=0x000001f007e22e50 relative=0x0000000000000b90
Event: 4171.724 Thread 0x000001f07d77ef60 Uncommon trap: reason=class_check action=maybe_recompile pc=0x000001f007e22e50 method=java.io.DataOutputStream.write([BII)V @ 7 c2
Event: 4171.724 Thread 0x000001f07d77ef60 DEOPT PACKING pc=0x000001f007e22e50 sp=0x000000c3d7bfeb10
Event: 4171.724 Thread 0x000001f07d77ef60 DEOPT UNPACKING pc=0x000001f007583aa2 sp=0x000000c3d7bfea40 mode 2
Event: 4171.724 Thread 0x000001f07d77ef60 Uncommon trap: trap_request=0xffffffde fr.pc=0x000001f007e22e50 relative=0x0000000000000b90
Event: 4171.724 Thread 0x000001f07d77ef60 Uncommon trap: reason=class_check action=maybe_recompile pc=0x000001f007e22e50 method=java.io.DataOutputStream.write([BII)V @ 7 c2
Event: 4171.724 Thread 0x000001f07d77ef60 DEOPT PACKING pc=0x000001f007e22e50 sp=0x000000c3d7bfea60
Event: 4171.725 Thread 0x000001f07d77ef60 DEOPT UNPACKING pc=0x000001f007583aa2 sp=0x000000c3d7bfe990 mode 2
Event: 4171.725 Thread 0x000001f07d77ef60 Uncommon trap: trap_request=0xffffffde fr.pc=0x000001f007e27e90 relative=0x0000000000000450
Event: 4171.725 Thread 0x000001f07d77ef60 Uncommon trap: reason=class_check action=maybe_recompile pc=0x000001f007e27e90 method=java.io.DataOutputStream.writeInt(I)V @ 19 c2
Event: 4171.725 Thread 0x000001f07d77ef60 DEOPT PACKING pc=0x000001f007e27e90 sp=0x000000c3d7bfe9e0
Event: 4171.725 Thread 0x000001f07d77ef60 DEOPT UNPACKING pc=0x000001f007583aa2 sp=0x000000c3d7bfe988 mode 2
Event: 4171.749 Thread 0x000001f07d77ef60 Uncommon trap: trap_request=0xffffffc6 fr.pc=0x000001f0081d6c74 relative=0x0000000000004e54
Event: 4171.749 Thread 0x000001f07d77ef60 Uncommon trap: reason=bimorphic_or_optimized_type_check action=maybe_recompile pc=0x000001f0081d6c74 method=java.util.Properties.load0(Ljava/util/Properties$LineReader;)V @ 241 c2
Event: 4171.749 Thread 0x000001f07d77ef60 DEOPT PACKING pc=0x000001f0081d6c74 sp=0x000000c3d7bfec30
Event: 4171.749 Thread 0x000001f07d77ef60 DEOPT UNPACKING pc=0x000001f007583aa2 sp=0x000000c3d7bfec50 mode 2

Classes loaded (20 events):
Event: 3879.630 Loading class jdk/internal/module/IllegalAccessLogger
Event: 3879.630 Loading class jdk/internal/module/IllegalAccessLogger done
Event: 3881.606 Loading class java/io/CharArrayWriter
Event: 3881.606 Loading class java/io/CharArrayWriter done
Event: 4171.626 Loading class java/util/stream/Nodes$CollectorTask$OfRef
Event: 4171.626 Loading class java/util/stream/Nodes$CollectorTask
Event: 4171.627 Loading class java/util/stream/Nodes$CollectorTask done
Event: 4171.627 Loading class java/util/stream/Nodes$CollectorTask$OfRef done
Event: 4171.631 Loading class java/util/function/LongFunction
Event: 4171.632 Loading class java/util/function/LongFunction done
Event: 4171.632 Loading class java/util/stream/Nodes$ConcNode
Event: 4171.633 Loading class java/util/stream/Nodes$AbstractConcNode
Event: 4171.634 Loading class java/util/stream/Nodes$AbstractConcNode done
Event: 4171.634 Loading class java/util/stream/Nodes$ConcNode done
Event: 4171.668 Loading class java/io/ObjectOutputStream$BlockDataOutputStream
Event: 4171.668 Loading class java/io/ObjectOutputStream$BlockDataOutputStream done
Event: 4171.669 Loading class java/io/ObjectOutputStream$HandleTable
Event: 4171.669 Loading class java/io/ObjectOutputStream$HandleTable done
Event: 4171.669 Loading class java/io/ObjectOutputStream$ReplaceTable
Event: 4171.669 Loading class java/io/ObjectOutputStream$ReplaceTable done

Classes unloaded (7 events):
Event: 20.649 Thread 0x000001f07c3aeff0 Unloading class 0x000001f0101aac00 'java/lang/invoke/LambdaForm$MH+0x000001f0101aac00'
Event: 20.649 Thread 0x000001f07c3aeff0 Unloading class 0x000001f0101aa800 'java/lang/invoke/LambdaForm$MH+0x000001f0101aa800'
Event: 20.649 Thread 0x000001f07c3aeff0 Unloading class 0x000001f0101aa400 'java/lang/invoke/LambdaForm$MH+0x000001f0101aa400'
Event: 20.649 Thread 0x000001f07c3aeff0 Unloading class 0x000001f0101aa000 'java/lang/invoke/LambdaForm$MH+0x000001f0101aa000'
Event: 20.649 Thread 0x000001f07c3aeff0 Unloading class 0x000001f0101a9c00 'java/lang/invoke/LambdaForm$BMH+0x000001f0101a9c00'
Event: 20.649 Thread 0x000001f07c3aeff0 Unloading class 0x000001f0101a9800 'java/lang/invoke/LambdaForm$DMH+0x000001f0101a9800'
Event: 20.649 Thread 0x000001f07c3aeff0 Unloading class 0x000001f0101a8400 'java/lang/invoke/LambdaForm$DMH+0x000001f0101a8400'

Classes redefined (0 events):
No events

Internal exceptions (20 events):
Event: 3876.864 Thread 0x000001f07e7870e0 Exception <a 'java/lang/NoSuchMethodError'{0x00000000d564f3a8}: 'java.lang.Object java.lang.invoke.DirectMethodHandle$Holder.invokeSpecial(java.lang.Object, java.lang.Object, java.lang.Object, java.lang.Object, java.lang.Object, int)'> (0x00000000d564f3a8) 
thrown [s\src\hotspot\share\interpreter\linkResolver.cpp, line 773]
Event: 3876.864 Thread 0x000001f07e7870e0 Exception <a 'java/lang/NoSuchMethodError'{0x00000000d5652e28}: 'java.lang.Object java.lang.invoke.Invokers$Holder.linkToTargetMethod(java.lang.Object, java.lang.Object, java.lang.Object, int, java.lang.Object)'> (0x00000000d5652e28) 
thrown [s\src\hotspot\share\interpreter\linkResolver.cpp, line 773]
Event: 3878.909 Thread 0x000001f07d77ef60 Exception <a 'sun/nio/fs/WindowsException'{0x00000000d5cdb5c8}> (0x00000000d5cdb5c8) 
thrown [s\src\hotspot\share\prims\jni.cpp, line 520]
Event: 3878.913 Thread 0x000001f07e783c60 Exception <a 'sun/nio/fs/WindowsException'{0x00000000d5cde468}> (0x00000000d5cde468) 
thrown [s\src\hotspot\share\prims\jni.cpp, line 520]
Event: 3879.641 Thread 0x000001f07d77ef60 Exception <a 'sun/nio/fs/WindowsException'{0x00000000d6380370}> (0x00000000d6380370) 
thrown [s\src\hotspot\share\prims\jni.cpp, line 520]
Event: 3879.641 Thread 0x000001f07d77ef60 Exception <a 'sun/nio/fs/WindowsException'{0x00000000d6380c00}> (0x00000000d6380c00) 
thrown [s\src\hotspot\share\prims\jni.cpp, line 520]
Event: 3879.642 Thread 0x000001f07d77ef60 Exception <a 'sun/nio/fs/WindowsException'{0x00000000d63815a8}> (0x00000000d63815a8) 
thrown [s\src\hotspot\share\prims\jni.cpp, line 520]
Event: 3879.642 Thread 0x000001f07d77ef60 Exception <a 'sun/nio/fs/WindowsException'{0x00000000d6381bd8}> (0x00000000d6381bd8) 
thrown [s\src\hotspot\share\prims\jni.cpp, line 520]
Event: 3880.001 Thread 0x000001f07d77ef60 Exception <a 'java/lang/NoSuchMethodError'{0x00000000d63df5b8}: 'java.lang.Object java.lang.invoke.DirectMethodHandle$Holder.newInvokeSpecial(java.lang.Object, java.lang.Object, int, java.lang.Object, java.lang.Object)'> (0x00000000d63df5b8) 
thrown [s\src\hotspot\share\interpreter\linkResolver.cpp, line 773]
Event: 3880.019 Thread 0x000001f07d77ef60 Exception <a 'java/lang/NoSuchMethodError'{0x00000000d63f7fd8}: 'java.lang.Object java.lang.invoke.DirectMethodHandle$Holder.invokeSpecial(java.lang.Object, java.lang.Object, java.lang.Object, int, java.lang.Object, java.lang.Object, java.lang.Object)'> (0x00000000d63f7fd8) 
thrown [s\src\hotspot\share\interpreter\linkResolver.cpp, line 773]
Event: 3880.162 Thread 0x000001f07d77ef60 Exception <a 'java/lang/NoSuchMethodError'{0x00000000d647cc50}: 'void java.lang.invoke.DirectMethodHandle$Holder.invokeStatic(java.lang.Object, int)'> (0x00000000d647cc50) 
thrown [s\src\hotspot\share\interpreter\linkResolver.cpp, line 773]
Event: 3880.596 Thread 0x000001f07d77ef60 Exception <a 'java/io/FileNotFoundException'{0x00000000d5af5528}> (0x00000000d5af5528) 
thrown [s\src\hotspot\share\prims\jni.cpp, line 520]
Event: 3880.598 Thread 0x000001f07d77ef60 Exception <a 'java/io/FileNotFoundException'{0x00000000d5af6800}> (0x00000000d5af6800) 
thrown [s\src\hotspot\share\prims\jni.cpp, line 520]
Event: 3880.600 Thread 0x000001f07d77ef60 Exception <a 'java/io/FileNotFoundException'{0x00000000d5af7bf8}> (0x00000000d5af7bf8) 
thrown [s\src\hotspot\share\prims\jni.cpp, line 520]
Event: 3881.031 Thread 0x000001f07d77ef60 Implicit null exception at 0x000001f007d99708 to 0x000001f007d9a3d0
Event: 3881.051 Thread 0x000001f07d77ef60 Implicit null exception at 0x000001f0086c49ba to 0x000001f0086c4b70
Event: 4171.653 Thread 0x000001f07d77ef60 Exception <a 'sun/nio/fs/WindowsException'{0x00000000d5e7dc38}> (0x00000000d5e7dc38) 
thrown [s\src\hotspot\share\prims\jni.cpp, line 520]
Event: 4171.654 Thread 0x000001f07d77ef60 Exception <a 'sun/nio/fs/WindowsException'{0x00000000d5e7e518}> (0x00000000d5e7e518) 
thrown [s\src\hotspot\share\prims\jni.cpp, line 520]
Event: 4171.715 Thread 0x000001f07d77ef60 Exception <a 'java/lang/NoSuchMethodError'{0x00000000d5f13418}: static [J.<clinit>()V> (0x00000000d5f13418) 
thrown [s\src\hotspot\share\prims\jni.cpp, line 1111]
Event: 4171.731 Thread 0x000001f07d77ef60 Exception <a 'java/lang/NoSuchMethodError'{0x00000000d5f418c8}: 'java.lang.Object java.lang.invoke.DirectMethodHandle$Holder.newInvokeSpecial(java.lang.Object, java.lang.Object, java.lang.Object, java.lang.Object, java.lang.Object, java.lang.Object, java.lang.Object, java.lang.Object)'> (0x00000000d5f418c8) 
thrown [s\src\hotspot\share\interpreter\linkResolver.cpp, line 773]

ZGC Phase Switch (0 events):
No events

VM Operations (20 events):
Event: 11063.474 Executing non-safepoint VM operation: HandshakeAllThreads (HandshakeForDeflation)
Event: 11063.474 Executing non-safepoint VM operation: HandshakeAllThreads (HandshakeForDeflation) done
Event: 11063.474 Executing non-safepoint VM operation: RendezvousGCThreads
Event: 11063.474 Executing non-safepoint VM operation: RendezvousGCThreads done
Event: 11123.679 Executing non-safepoint VM operation: HandshakeAllThreads (HandshakeForDeflation)
Event: 11123.679 Executing non-safepoint VM operation: HandshakeAllThreads (HandshakeForDeflation) done
Event: 11123.679 Executing non-safepoint VM operation: RendezvousGCThreads
Event: 11123.679 Executing non-safepoint VM operation: RendezvousGCThreads done
Event: 11183.813 Executing non-safepoint VM operation: HandshakeAllThreads (HandshakeForDeflation)
Event: 11183.813 Executing non-safepoint VM operation: HandshakeAllThreads (HandshakeForDeflation) done
Event: 11183.813 Executing non-safepoint VM operation: RendezvousGCThreads
Event: 11183.813 Executing non-safepoint VM operation: RendezvousGCThreads done
Event: 11243.975 Executing non-safepoint VM operation: HandshakeAllThreads (HandshakeForDeflation)
Event: 11243.976 Executing non-safepoint VM operation: HandshakeAllThreads (HandshakeForDeflation) done
Event: 11243.976 Executing non-safepoint VM operation: RendezvousGCThreads
Event: 11243.976 Executing non-safepoint VM operation: RendezvousGCThreads done
Event: 11484.402 Executing non-safepoint VM operation: HandshakeAllThreads (HandshakeForDeflation)
Event: 11484.402 Executing non-safepoint VM operation: HandshakeAllThreads (HandshakeForDeflation) done
Event: 11484.402 Executing non-safepoint VM operation: RendezvousGCThreads
Event: 11484.402 Executing non-safepoint VM operation: RendezvousGCThreads done

Memory protections (0 events):
No events

Nmethod flushes (20 events):
Event: 61.540 Thread 0x000001f07c3aeff0 flushing  nmethod 0x000001f000918310
Event: 61.540 Thread 0x000001f07c3aeff0 flushing  nmethod 0x000001f00091ab90
Event: 61.540 Thread 0x000001f07c3aeff0 flushing osr nmethod 0x000001f00091b410
Event: 61.540 Thread 0x000001f07c3aeff0 flushing  nmethod 0x000001f000951e10
Event: 61.540 Thread 0x000001f07c3aeff0 flushing  nmethod 0x000001f000953810
Event: 61.540 Thread 0x000001f07c3aeff0 flushing  nmethod 0x000001f000955210
Event: 61.540 Thread 0x000001f07c3aeff0 flushing  nmethod 0x000001f00095d990
Event: 61.540 Thread 0x000001f07c3aeff0 flushing  nmethod 0x000001f000963c90
Event: 61.540 Thread 0x000001f07c3aeff0 flushing  nmethod 0x000001f000984b90
Event: 61.540 Thread 0x000001f07c3aeff0 flushing  nmethod 0x000001f000985c10
Event: 61.540 Thread 0x000001f07c3aeff0 flushing  nmethod 0x000001f000989110
Event: 61.540 Thread 0x000001f07c3aeff0 flushing  nmethod 0x000001f00098a010
Event: 61.540 Thread 0x000001f07c3aeff0 flushing  nmethod 0x000001f00098a710
Event: 61.540 Thread 0x000001f07c3aeff0 flushing  nmethod 0x000001f00098f890
Event: 61.540 Thread 0x000001f07c3aeff0 flushing  nmethod 0x000001f0009ae910
Event: 61.540 Thread 0x000001f07c3aeff0 flushing  nmethod 0x000001f0009fd910
Event: 61.540 Thread 0x000001f07c3aeff0 flushing  nmethod 0x000001f0009fdf10
Event: 61.540 Thread 0x000001f07c3aeff0 flushing  nmethod 0x000001f0009fe790
Event: 61.540 Thread 0x000001f07c3aeff0 flushing  nmethod 0x000001f0009feb10
Event: 61.540 Thread 0x000001f07c3aeff0 flushing  nmethod 0x000001f000a00590

Events (20 events):
Event: 3880.988 Thread 0x000001f07d77e240 Thread exited: 0x000001f07d77e240
Event: 3880.988 Thread 0x000001f07e5c7630 Thread exited: 0x000001f07e5c7630
Event: 3880.990 Thread 0x000001f0616bfb00 Thread exited: 0x000001f0616bfb00
Event: 3881.082 Thread 0x000001f07e5c2e00 Thread exited: 0x000001f07e5c2e00
Event: 3939.205 Thread 0x000001f07e783c60 Thread exited: 0x000001f07e783c60
Event: 3939.637 Thread 0x000001f07e7870e0 Thread exited: 0x000001f07e7870e0
Event: 3999.220 Thread 0x000001f07e7828b0 Thread exited: 0x000001f07e7828b0
Event: 4039.542 Thread 0x000001f07d77e8d0 Thread exited: 0x000001f07d77e8d0
Event: 4059.224 Thread 0x000001f07e7842f0 Thread exited: 0x000001f07e7842f0
Event: 4119.235 Thread 0x000001f07e7856a0 Thread exited: 0x000001f07e7856a0
Event: 4171.621 Thread 0x000001f07d77ef60 Thread added: 0x000001f07e5c7630
Event: 4171.635 Thread 0x000001f07e5c7630 Thread exited: 0x000001f07e5c7630
Event: 4171.658 Thread 0x000001f07d77ef60 Thread added: 0x000001f07e5c7630
Event: 4171.661 Thread 0x000001f07e5c7630 Thread exited: 0x000001f07e5c7630
Event: 4171.737 Thread 0x000001f07c42d960 Thread added: 0x000001f060700910
Event: 4171.882 Thread 0x000001f060700910 Thread exited: 0x000001f060700910
Event: 4173.554 Thread 0x000001f07e785d30 Thread exited: 0x000001f07e785d30
Event: 4178.570 Thread 0x000001f07e5c5560 Thread exited: 0x000001f07e5c5560
Event: 4178.874 Thread 0x000001f07e5c9700 Thread exited: 0x000001f07e5c9700
Event: 4179.267 Thread 0x000001f07e782220 Thread exited: 0x000001f07e782220


Dynamic libraries:
0x00007ff767d60000 - 0x00007ff767d6e000 	c:\Users\digit\.antigravity\extensions\redhat.java-1.55.0-win32-x64\jre\21.0.11-win32-x86_64\bin\java.exe
0x00007ff942010000 - 0x00007ff942228000 	C:\WINDOWS\SYSTEM32\ntdll.dll
0x00007ff940660000 - 0x00007ff940724000 	C:\WINDOWS\System32\KERNEL32.DLL
0x00007ff93f410000 - 0x00007ff93f7e3000 	C:\WINDOWS\System32\KERNELBASE.dll
0x00007ff93f7f0000 - 0x00007ff93f901000 	C:\WINDOWS\System32\ucrtbase.dll
0x00007ff92b510000 - 0x00007ff92b528000 	c:\Users\digit\.antigravity\extensions\redhat.java-1.55.0-win32-x64\jre\21.0.11-win32-x86_64\bin\jli.dll
0x00007ff93ffd0000 - 0x00007ff940182000 	C:\WINDOWS\System32\USER32.dll
0x00007ff93f150000 - 0x00007ff93f176000 	C:\WINDOWS\System32\win32u.dll
0x00007ff93ffa0000 - 0x00007ff93ffc9000 	C:\WINDOWS\System32\GDI32.dll
0x00007ff93f180000 - 0x00007ff93f29b000 	C:\WINDOWS\System32\gdi32full.dll
0x00007ff93fa50000 - 0x00007ff93faea000 	C:\WINDOWS\System32\msvcp_win.dll
0x00007ff923ef0000 - 0x00007ff923f0e000 	c:\Users\digit\.antigravity\extensions\redhat.java-1.55.0-win32-x64\jre\21.0.11-win32-x86_64\bin\VCRUNTIME140.dll
0x00007ff92afb0000 - 0x00007ff92b24c000 	C:\WINDOWS\WinSxS\amd64_microsoft.windows.common-controls_6595b64144ccf1df_6.0.22621.6060_none_2712eda17382d24b\COMCTL32.dll
0x00007ff9418f0000 - 0x00007ff941997000 	C:\WINDOWS\System32\msvcrt.dll
0x00007ff940730000 - 0x00007ff940761000 	C:\WINDOWS\System32\IMM32.DLL
0x000000006aa40000 - 0x000000006aa4d000 	C:\Program Files (x86)\360\Total Security\safemon\SafeWrapper.dll
0x00007ff93fdc0000 - 0x00007ff93fe71000 	C:\WINDOWS\System32\ADVAPI32.dll
0x00007ff940440000 - 0x00007ff9404e8000 	C:\WINDOWS\System32\sechost.dll
0x00007ff93f120000 - 0x00007ff93f148000 	C:\WINDOWS\System32\bcrypt.dll
0x00007ff93fe80000 - 0x00007ff93ff98000 	C:\WINDOWS\System32\RPCRT4.dll
0x00007ff938100000 - 0x00007ff938205000 	C:\Program Files (x86)\360\Total Security\safemon\libzdtp64.dll
0x00007ff941040000 - 0x00007ff9418dc000 	C:\WINDOWS\System32\SHELL32.dll
0x00007ff93faf0000 - 0x00007ff93fc2f000 	C:\WINDOWS\System32\wintypes.dll
0x00007ff941c30000 - 0x00007ff941fc1000 	C:\WINDOWS\System32\combase.dll
0x00007ff941bc0000 - 0x00007ff941c29000 	C:\WINDOWS\System32\SHLWAPI.dll
0x00007ff93ed60000 - 0x00007ff93ed6a000 	C:\WINDOWS\SYSTEM32\VERSION.dll
0x00007ff92b500000 - 0x00007ff92b50c000 	c:\Users\digit\.antigravity\extensions\redhat.java-1.55.0-win32-x64\jre\21.0.11-win32-x86_64\bin\vcruntime140_1.dll
0x00007ff8d9ac0000 - 0x00007ff8d9b4d000 	c:\Users\digit\.antigravity\extensions\redhat.java-1.55.0-win32-x64\jre\21.0.11-win32-x86_64\bin\msvcp140.dll
0x00007ff8d7760000 - 0x00007ff8d8502000 	c:\Users\digit\.antigravity\extensions\redhat.java-1.55.0-win32-x64\jre\21.0.11-win32-x86_64\bin\server\jvm.dll
0x00007ff940c80000 - 0x00007ff940cf1000 	C:\WINDOWS\System32\WS2_32.dll
0x00007ff93dec0000 - 0x00007ff93df0d000 	C:\WINDOWS\SYSTEM32\POWRPROF.dll
0x00007ff92de10000 - 0x00007ff92de44000 	C:\WINDOWS\SYSTEM32\WINMM.dll
0x00007ff93dea0000 - 0x00007ff93deb3000 	C:\WINDOWS\SYSTEM32\UMPDC.dll
0x00007ff93e140000 - 0x00007ff93e158000 	C:\WINDOWS\SYSTEM32\kernel.appcore.dll
0x00007ff923ee0000 - 0x00007ff923eea000 	c:\Users\digit\.antigravity\extensions\redhat.java-1.55.0-win32-x64\jre\21.0.11-win32-x86_64\bin\jimage.dll
0x00007ff92b2c0000 - 0x00007ff92b4f3000 	C:\WINDOWS\SYSTEM32\DBGHELP.DLL
0x00007ff940d80000 - 0x00007ff940e58000 	C:\WINDOWS\System32\OLEAUT32.dll
0x00007ff92fab0000 - 0x00007ff92fae2000 	C:\WINDOWS\SYSTEM32\dbgcore.DLL
0x00007ff93fc30000 - 0x00007ff93fcab000 	C:\WINDOWS\System32\bcryptPrimitives.dll
0x00007ff923ed0000 - 0x00007ff923edf000 	c:\Users\digit\.antigravity\extensions\redhat.java-1.55.0-win32-x64\jre\21.0.11-win32-x86_64\bin\instrument.dll
0x00007ff923eb0000 - 0x00007ff923ed0000 	c:\Users\digit\.antigravity\extensions\redhat.java-1.55.0-win32-x64\jre\21.0.11-win32-x86_64\bin\java.dll
0x00007ff93cf70000 - 0x00007ff93d88a000 	C:\WINDOWS\SYSTEM32\windows.storage.dll
0x00007ff941a20000 - 0x00007ff941b24000 	C:\WINDOWS\System32\SHCORE.dll
0x00007ff93f050000 - 0x00007ff93f075000 	C:\WINDOWS\SYSTEM32\profapi.dll
0x00007ff923e90000 - 0x00007ff923ea8000 	c:\Users\digit\.antigravity\extensions\redhat.java-1.55.0-win32-x64\jre\21.0.11-win32-x86_64\bin\zip.dll
0x00007ff9186b0000 - 0x00007ff9186c0000 	C:\Users\digit\.antigravity\extensions\redhat.java-1.55.0-win32-x64\jre\21.0.11-win32-x86_64\bin\net.dll
0x00007ff93cc30000 - 0x00007ff93cd5c000 	C:\WINDOWS\SYSTEM32\WINHTTP.dll
0x00007ff93e600000 - 0x00007ff93e669000 	C:\WINDOWS\system32\mswsock.dll
0x00007ff918690000 - 0x00007ff9186a6000 	C:\Users\digit\.antigravity\extensions\redhat.java-1.55.0-win32-x64\jre\21.0.11-win32-x86_64\bin\nio.dll
0x00007ff918680000 - 0x00007ff918690000 	c:\Users\digit\.antigravity\extensions\redhat.java-1.55.0-win32-x64\jre\21.0.11-win32-x86_64\bin\verify.dll
0x00007ff8c3380000 - 0x00007ff8c33c5000 	C:\Users\digit\AppData\Roaming\Antigravity\User\globalStorage\redhat.java\1.55.0\config_win\org.eclipse.equinox.launcher\org.eclipse.equinox.launcher.win32.win32.x86_64_1.3.100.v20260613-0559\eclipse_11924.dll
0x00007ff940190000 - 0x00007ff940331000 	C:\WINDOWS\System32\ole32.dll
0x00007ff93e950000 - 0x00007ff93e96b000 	C:\WINDOWS\SYSTEM32\CRYPTSP.dll
0x00007ff93e0a0000 - 0x00007ff93e0d7000 	C:\WINDOWS\system32\rsaenh.dll
0x00007ff93e6a0000 - 0x00007ff93e6c8000 	C:\WINDOWS\SYSTEM32\USERENV.dll
0x00007ff93e930000 - 0x00007ff93e93c000 	C:\WINDOWS\SYSTEM32\CRYPTBASE.dll
0x00007ff93dba0000 - 0x00007ff93dbcd000 	C:\WINDOWS\SYSTEM32\IPHLPAPI.DLL
0x00007ff940c70000 - 0x00007ff940c79000 	C:\WINDOWS\System32\NSI.dll
0x00007ff909640000 - 0x00007ff909689000 	C:\Users\digit\AppData\Local\Temp\jna-95582509\jna17539613681018081541.dll
0x00007ff940d70000 - 0x00007ff940d78000 	C:\WINDOWS\System32\PSAPI.DLL
0x00007ff93ac50000 - 0x00007ff93ac69000 	C:\WINDOWS\SYSTEM32\dhcpcsvc6.DLL
0x00007ff938420000 - 0x00007ff93843f000 	C:\WINDOWS\SYSTEM32\dhcpcsvc.DLL

JVMTI agents:
c:\Users\digit\.antigravity\extensions\redhat.java-1.55.0-win32-x64\lombok\lombok-1.18.39-4050.jar path:c:\Users\digit\.antigravity\extensions\redhat.java-1.55.0-win32-x64\jre\21.0.11-win32-x86_64\bin\instrument.dll, loaded, initialized, instrumentlib options:none

dbghelp: loaded successfully - version: 4.0.5 - missing functions: none
symbol engine: initialized successfully - sym options: 0x614 - pdb path: .;c:\Users\digit\.antigravity\extensions\redhat.java-1.55.0-win32-x64\jre\21.0.11-win32-x86_64\bin;C:\WINDOWS\SYSTEM32;C:\WINDOWS\WinSxS\amd64_microsoft.windows.common-controls_6595b64144ccf1df_6.0.22621.6060_none_2712eda17382d24b;C:\Program Files (x86)\360\Total Security\safemon;c:\Users\digit\.antigravity\extensions\redhat.java-1.55.0-win32-x64\jre\21.0.11-win32-x86_64\bin\server;C:\Users\digit\AppData\Roaming\Antigravity\User\globalStorage\redhat.java\1.55.0\config_win\org.eclipse.equinox.launcher\org.eclipse.equinox.launcher.win32.win32.x86_64_1.3.100.v20260613-0559;C:\Users\digit\AppData\Local\Temp\jna-95582509

VM Arguments:
jvm_args: --add-modules=ALL-SYSTEM --add-opens=java.base/java.util=ALL-UNNAMED --add-opens=java.base/java.lang=ALL-UNNAMED --add-opens=java.base/sun.nio.fs=ALL-UNNAMED -Declipse.application=org.eclipse.jdt.ls.core.id1 -Dosgi.bundles.defaultStartLevel=4 -Declipse.product=org.eclipse.jdt.ls.core.product -Djava.import.generatesMetadataFilesAtProjectRoot=false -DDetectVMInstallationsJob.disabled=true -Dfile.encoding=utf8 -XX:+UseParallelGC -XX:GCTimeRatio=4 -XX:AdaptiveSizePolicyWeight=90 -Dsun.zip.disableMemoryMapping=true -Xmx2G -Xms100m -Xlog:disable -javaagent:c:\Users\digit\.antigravity\extensions\redhat.java-1.55.0-win32-x64\lombok\lombok-1.18.39-4050.jar -XX:+HeapDumpOnOutOfMemoryError -XX:HeapDumpPath=c:\Users\digit\AppData\Roaming\Antigravity\User\workspaceStorage\93b6f5fe83d92538670ccc65f9a9c866\redhat.java -Daether.dependencyCollector.impl=bf 
java_command: c:\Users\digit\.antigravity\extensions\redhat.java-1.55.0-win32-x64\server\plugins\org.eclipse.equinox.launcher_1.7.200.v20260619-2039.jar -configuration c:\Users\digit\AppData\Roaming\Antigravity\User\globalStorage\redhat.java\1.55.0\config_win -data c:\Users\digit\AppData\Roaming\Antigravity\User\workspaceStorage\93b6f5fe83d92538670ccc65f9a9c866\redhat.java\jdt_ws --pipe=\\.\pipe\lsp-b51b2b75fbc1204f0065a3e1c3dc7c6e-sock
java_class_path (initial): c:\Users\digit\.antigravity\extensions\redhat.java-1.55.0-win32-x64\server\plugins\org.eclipse.equinox.launcher_1.7.200.v20260619-2039.jar
Launcher Type: SUN_STANDARD

[Global flags]
    uintx AdaptiveSizePolicyWeight                 = 90                                        {product} {command line}
     intx CICompilerCount                          = 3                                         {product} {ergonomic}
    uintx GCTimeRatio                              = 4                                         {product} {command line}
     bool HeapDumpOnOutOfMemoryError               = true                                   {manageable} {command line}
    ccstr HeapDumpPath                             = c:\Users\digit\AppData\Roaming\Antigravity\User\workspaceStorage\93b6f5fe83d92538670ccc65f9a9c866\redhat.java         {manageable} {command line}
   size_t InitialHeapSize                          = 104857600                                 {product} {command line}
   size_t MaxHeapSize                              = 2147483648                                {product} {command line}
   size_t MaxNewSize                               = 715653120                                 {product} {ergonomic}
   size_t MinHeapDeltaBytes                        = 524288                                    {product} {ergonomic}
   size_t MinHeapSize                              = 104857600                                 {product} {command line}
   size_t NewSize                                  = 34603008                                  {product} {ergonomic}
    uintx NonNMethodCodeHeapSize                   = 5832780                                {pd product} {ergonomic}
    uintx NonProfiledCodeHeapSize                  = 122912730                              {pd product} {ergonomic}
   size_t OldSize                                  = 70254592                                  {product} {ergonomic}
    uintx ProfiledCodeHeapSize                     = 122912730                              {pd product} {ergonomic}
    uintx ReservedCodeCacheSize                    = 251658240                              {pd product} {ergonomic}
     bool SegmentedCodeCache                       = true                                      {product} {ergonomic}
   size_t SoftMaxHeapSize                          = 2147483648                             {manageable} {ergonomic}
     bool UseCompressedOops                        = true                           {product lp64_product} {ergonomic}
     bool UseLargePagesIndividualAllocation        = false                                  {pd product} {ergonomic}
     bool UseParallelGC                            = true                                      {product} {command line}

Logging:
Log output configuration:
 #0: stdout all=off uptime,level,tags foldmultilines=false
 #1: stderr all=off uptime,level,tags foldmultilines=false

Release file:
JAVA_VERSION="21.0.11" 
MODULES="java.base java.compiler java.datatransfer java.xml java.prefs java.desktop java.instrument java.logging java.management java.security.sasl java.naming java.rmi java.management.rmi java.net.http java.scripting java.security.jgss java.transaction.xa java.sql java.sql.rowset java.xml.crypto java.se java.smartcardio jdk.accessibility jdk.internal.jvmstat jdk.attach jdk.charsets jdk.internal.opt jdk.zipfs jdk.compiler jdk.crypto.ec jdk.crypto.cryptoki jdk.crypto.mscapi jdk.dynalink jdk.internal.ed jdk.editpad jdk.hotspot.agent jdk.httpserver jdk.internal.le jdk.internal.vm.ci jdk.internal.vm.compiler jdk.internal.vm.compiler.management jdk.jartool jdk.javadoc jdk.jcmd jdk.management jdk.management.agent jdk.jconsole jdk.jdeps jdk.jdwp.agent jdk.jdi jdk.jfr jdk.jshell jdk.jsobject jdk.jstatd jdk.localedata jdk.management.jfr jdk.naming.dns jdk.naming.rmi jdk.net jdk.nio.mapmode jdk.random jdk.sctp jdk.security.auth jdk.security.jgss jdk.unsupported jdk.unsupported.desktop jdk.xml.dom" 

Environment Variables:
JAVA_HOME=C:\Program Files\Java\jdk-25
PATH=C:\WINDOWS\system32;C:\WINDOWS;C:\WINDOWS\System32\Wbem;C:\WINDOWS\System32\WindowsPowerShell\v1.0\;C:\WINDOWS\System32\OpenSSH\;C:\Program Files\Git\cmd;C:\Program Files\nodejs\;C:\Users\digit\.local\bin;C:\Users\digit\AppData\Local\Microsoft\WindowsApps;C:\Users\digit\AppData\Local\Programs\Microsoft VS Code\bin;C:\Users\digit\AppData\Roaming\npm;C:\Program Files\cursor\resources\app\bin;C:\Program Files\Microsoft SQL Server\170\Tools\Binn\;C:\Program Files\Microsoft SQL Server\170\DTS\Binn\;C:\Program Files (x86)\Microsoft SQL Server\170\Tools\Binn\;C:\Program Files\Microsoft SQL Server\Client SDK\ODBC\180\Tools\Binn\;C:\Program Files\Apache\apache-maven-3.9.14-bin\apache-maven-3.9.14\bin;C:\Program Files\Apache\apache-maven-3.9.14-bin\apache-maven-3.9.14\bin;C:\Program Files\Java\jdk-25\bin;C:\Program Files\dotnet\;C:\Users\digit\AppData\Local\Packages\PythonSoftwareFoundation.Python.3.11_qbz5n2kfra8p0\LocalCache\local-packages\Python311\Scripts;C:\Users\digit\Downloads\gradle-9.5.1-bin\gradle-9.5.1\bin;C:\Users\digit\.local\bin;C:\Users\digit\AppData\Local\Microsoft\WindowsApps;C:\Users\digit\AppData\Local\Programs\Microsoft VS Code\bin;C:\Users\digit\AppData\Roaming\npm;C:\Users\digit\AppData\Local\Packages\PythonSoftwareFoundation.Python.3.11_qbz5n2kfra8p0\LocalCache\local-packages\Python311\Scripts;C:\Users\digit\AppData\Local\Packages\PythonSoftwareFoundation.Python.3.11_qbz5n2kfra8p0\LocalCache\local-packages\Python311\Scripts;C:\Users\digit\AppData\Local\Packages\PythonSoftwareFoundation.Python.3.11_qbz5n2kfra8p0\LocalCache\local-packages\Python311\Scripts;C:\Users\digit\AppData\Local\Packages\PythonSoftwareFoundation.Python.3.11_qbz5n2kfra8p0\LocalCache\local-packages\Python311\Scripts;C:\Users\digit\AppData\Local\Packages\PythonSoftwareFoundation.Python.3.11_qbz5n2kfra8p0\LocalCache\local-packages\Python311\Scripts;C:\Users\digit\AppData\Local\Packages\PythonSoftwareFoundation.Python.3.11_qbz5n2kfra8p0\LocalCache\local-packages\Python311\Scripts;C:\Users\digit\.dotnet\tools;C:\Users\digit\AppData\Local\Programs\Antigravity\bin
USERNAME=digit
OS=Windows_NT
PROCESSOR_IDENTIFIER=Intel64 Family 6 Model 78 Stepping 3, GenuineIntel
TMP=C:\Users\digit\AppData\Local\Temp
TEMP=C:\Users\digit\AppData\Local\Temp




Periodic native trim disabled

---------------  S Y S T E M  ---------------

OS:
 Windows 11 , 64 bit Build 22621 (10.0.22621.5415)
OS uptime: 0 days 6:26 hours
Hyper-V role detected

CPU: total 4 (initial active 4) (2 cores per cpu, 2 threads per core) family 6 model 78 stepping 3 microcode 0xd6, cx8, cmov, fxsr, ht, mmx, 3dnowpref, sse, sse2, sse3, ssse3, sse4.1, sse4.2, popcnt, lzcnt, tsc, tscinvbit, avx, avx2, aes, erms, clmul, bmi1, bmi2, rtm, adx, fma, vzeroupper, clflush, clflushopt, hv, rdtscp, f16c
Processor Information for the first 4 processors :
  Max Mhz: 2496, Current Mhz: 2396, Mhz Limit: 2396

Memory: 4k page, system-wide physical 8047M (250M free)
TotalPageFile size 17256M (AvailPageFile size 0M)
current process WorkingSet (physical memory assigned to process): 33M, peak: 381M
current process commit charge ("private bytes"): 432M, peak: 441M

vm_info: OpenJDK 64-Bit Server VM (21.0.11+10-LTS) for windows-amd64 JRE (21.0.11+10-LTS), built on 2026-04-21T00:00:00Z by "admin" with MS VC++ 17.12 (VS2022)

END.
