#
# There is insufficient memory for the Java Runtime Environment to continue.
# Native memory allocation (malloc) failed to allocate 598096 bytes. Error detail: Chunk::new
# Possible reasons:
#   The system is out of physical RAM or swap space
#   This process is running with CompressedOops enabled, and the Java Heap may be blocking the growth of the native heap
# Possible solutions:
#   Reduce memory load on the system
#   Increase physical memory or swap space
#   Check if swap backing store is full
#   Decrease Java heap size (-Xmx/-Xms)
#   Decrease number of Java threads
#   Decrease Java thread stack sizes (-Xss)
#   Set larger code cache with -XX:ReservedCodeCacheSize=
#   JVM is running with Unscaled Compressed Oops mode in which the Java heap is
#     placed in the first 4GB address space. The Java Heap base address is the
#     maximum limit for the native heap growth. Please use -XX:HeapBaseMinAddress
#     to set the Java Heap base and to place the Java Heap above 4GB virtual address.
# This output file may be truncated or incomplete.
#
#  Out of Memory Error (arena.cpp:168), pid=21448, tid=11328
#
# JRE version: OpenJDK Runtime Environment Temurin-21.0.11+10 (21.0.11+10) (build 21.0.11+10-LTS)
# Java VM: OpenJDK 64-Bit Server VM Temurin-21.0.11+10 (21.0.11+10-LTS, mixed mode, sharing, tiered, compressed oops, compressed class ptrs, parallel gc, windows-amd64)
# No core dump will be written. Minidumps are not enabled by default on client versions of Windows
#

---------------  S U M M A R Y ------------

Command Line: --add-modules=ALL-SYSTEM --add-opens=java.base/java.util=ALL-UNNAMED --add-opens=java.base/java.lang=ALL-UNNAMED --add-opens=java.base/sun.nio.fs=ALL-UNNAMED -Declipse.application=org.eclipse.jdt.ls.core.id1 -Dosgi.bundles.defaultStartLevel=4 -Declipse.product=org.eclipse.jdt.ls.core.product -Djava.import.generatesMetadataFilesAtProjectRoot=false -DDetectVMInstallationsJob.disabled=true -Dfile.encoding=utf8 -XX:+UseParallelGC -XX:GCTimeRatio=4 -XX:AdaptiveSizePolicyWeight=90 -Dsun.zip.disableMemoryMapping=true -Xmx2G -Xms100m -Xlog:disable -javaagent:c:\Users\digit\.antigravity\extensions\redhat.java-1.55.0-win32-x64\lombok\lombok-1.18.39-4050.jar -XX:+HeapDumpOnOutOfMemoryError -XX:HeapDumpPath=c:\Users\digit\AppData\Roaming\Antigravity\User\workspaceStorage\93b6f5fe83d92538670ccc65f9a9c866\redhat.java -Daether.dependencyCollector.impl=bf c:\Users\digit\.antigravity\extensions\redhat.java-1.55.0-win32-x64\server\plugins\org.eclipse.equinox.launcher_1.7.200.v20260619-2039.jar -configuration c:\Users\digit\AppData\Roaming\Antigravity\User\globalStorage\redhat.java\1.55.0\config_win -data c:\Users\digit\AppData\Roaming\Antigravity\User\workspaceStorage\93b6f5fe83d92538670ccc65f9a9c866\redhat.java\jdt_ws --pipe=\\.\pipe\lsp-4d4d7f3da60f4ea2e86358e549dcfb7e-sock

Host: Intel(R) Core(TM) i5-6300U CPU @ 2.40GHz, 4 cores, 7G,  Windows 11 , 64 bit Build 22621 (10.0.22621.5415)
Time: Mon Jun 29 03:01:33 2026 elapsed time: 6.004978 seconds (0d 0h 0m 6s)

---------------  T H R E A D  ---------------

Current thread (0x0000025d6d3d9550):  JavaThread "C2 CompilerThread0" daemon [_thread_in_native, id=11328, stack(0x0000008deff00000,0x0000008df0000000) (1024K)]


Current CompileTask:
C2:6005 2156       4       org.eclipse.osgi.util.ManifestElement::readLine (122 bytes)

Stack: [0x0000008deff00000,0x0000008df0000000]
Native frames: (J=compiled Java code, j=interpreted, Vv=VM code, C=native code)
V  [jvm.dll+0x6d7e19]
V  [jvm.dll+0x8b5096]
V  [jvm.dll+0x8b764e]
V  [jvm.dll+0x8b7d33]
V  [jvm.dll+0x284596]
V  [jvm.dll+0xc685d]
V  [jvm.dll+0xc6da1]
V  [jvm.dll+0x3bed31]
V  [jvm.dll+0x38b2b2]
V  [jvm.dll+0x38a6fa]
V  [jvm.dll+0x24c700]
V  [jvm.dll+0x24bce0]
V  [jvm.dll+0x1cb4ae]
V  [jvm.dll+0x25baad]
V  [jvm.dll+0x25a03a]
V  [jvm.dll+0x3f868e]
V  [jvm.dll+0x85fb0d]
V  [jvm.dll+0x6d664d]
C  [ucrtbase.dll+0x29333]
C  [KERNEL32.DLL+0x1259d]
C  [ntdll.dll+0x5af78]


---------------  P R O C E S S  ---------------

Threads class SMR info:
_java_thread_list=0x0000025d6eaf8390, length=15, elements={
0x0000025d54632b50, 0x0000025d56a7ce10, 0x0000025d56a7e680, 0x0000025d6d3d30b0,
0x0000025d6d3d3fd0, 0x0000025d6d3d7cb0, 0x0000025d6d3d8710, 0x0000025d6d3d9550,
0x0000025d6d44d040, 0x0000025d6e145b40, 0x0000025d6e2383f0, 0x0000025d6e70b820,
0x0000025d6e85dac0, 0x0000025d6ec27330, 0x0000025d6ea34f40
}

Java Threads: ( => current thread )
  0x0000025d54632b50 JavaThread "main"                              [_thread_blocked, id=20828, stack(0x0000008def500000,0x0000008def600000) (1024K)]
  0x0000025d56a7ce10 JavaThread "Reference Handler"          daemon [_thread_blocked, id=24364, stack(0x0000008def900000,0x0000008defa00000) (1024K)]
  0x0000025d56a7e680 JavaThread "Finalizer"                  daemon [_thread_blocked, id=11140, stack(0x0000008defa00000,0x0000008defb00000) (1024K)]
  0x0000025d6d3d30b0 JavaThread "Signal Dispatcher"          daemon [_thread_blocked, id=23388, stack(0x0000008defb00000,0x0000008defc00000) (1024K)]
  0x0000025d6d3d3fd0 JavaThread "Attach Listener"            daemon [_thread_blocked, id=23148, stack(0x0000008defc00000,0x0000008defd00000) (1024K)]
  0x0000025d6d3d7cb0 JavaThread "Service Thread"             daemon [_thread_blocked, id=21272, stack(0x0000008defd00000,0x0000008defe00000) (1024K)]
  0x0000025d6d3d8710 JavaThread "Monitor Deflation Thread"   daemon [_thread_blocked, id=21952, stack(0x0000008defe00000,0x0000008deff00000) (1024K)]
=>0x0000025d6d3d9550 JavaThread "C2 CompilerThread0"         daemon [_thread_in_native, id=11328, stack(0x0000008deff00000,0x0000008df0000000) (1024K)]
  0x0000025d6d44d040 JavaThread "C1 CompilerThread0"         daemon [_thread_blocked, id=24548, stack(0x0000008df0000000,0x0000008df0100000) (1024K)]
  0x0000025d6e145b40 JavaThread "Common-Cleaner"             daemon [_thread_blocked, id=15800, stack(0x0000008df0100000,0x0000008df0200000) (1024K)]
  0x0000025d6e2383f0 JavaThread "Notification Thread"        daemon [_thread_blocked, id=11360, stack(0x0000008df0200000,0x0000008df0300000) (1024K)]
  0x0000025d6e70b820 JavaThread "Active Thread: Equinox Container: b9eb17da-465e-4d78-890c-64608325e96d"        [_thread_blocked, id=7516, stack(0x0000008df0600000,0x0000008df0700000) (1024K)]
  0x0000025d6e85dac0 JavaThread "Refresh Thread: Equinox Container: b9eb17da-465e-4d78-890c-64608325e96d" daemon [_thread_blocked, id=19868, stack(0x0000008df0800000,0x0000008df0900000) (1024K)]
  0x0000025d6ec27330 JavaThread "Framework Event Dispatcher: Equinox Container: b9eb17da-465e-4d78-890c-64608325e96d" daemon [_thread_blocked, id=4196, stack(0x0000008df0900000,0x0000008df0a00000) (1024K)]
  0x0000025d6ea34f40 JavaThread "Start Level: Equinox Container: b9eb17da-465e-4d78-890c-64608325e96d" daemon [_thread_in_native, id=12856, stack(0x0000008df0a00000,0x0000008df0b00000) (1024K)]
Total: 15

Other Threads:
  0x0000025d6d3d0080 VMThread "VM Thread"                           [id=1952, stack(0x0000008def800000,0x0000008def900000) (1024K)]
  0x0000025d56a55780 WatcherThread "VM Periodic Task Thread"        [id=8152, stack(0x0000008def700000,0x0000008def800000) (1024K)]
  0x0000025d56a057e0 WorkerThread "GC Thread#0"                     [id=2372, stack(0x0000008def600000,0x0000008def700000) (1024K)]
  0x0000025d6e4f8930 WorkerThread "GC Thread#1"                     [id=21112, stack(0x0000008df0300000,0x0000008df0400000) (1024K)]
  0x0000025d6e518060 WorkerThread "GC Thread#2"                     [id=21024, stack(0x0000008df0400000,0x0000008df0500000) (1024K)]
  0x0000025d6e442560 WorkerThread "GC Thread#3"                     [id=20720, stack(0x0000008df0500000,0x0000008df0600000) (1024K)]
Total: 6

Threads with active compile tasks:
C2 CompilerThread0  6214 2156       4       org.eclipse.osgi.util.ManifestElement::readLine (122 bytes)
Total: 1

VM state: not at safepoint (normal execution)

VM Mutex/Monitor currently owned by a thread: None

Heap address: 0x0000000080000000, size: 2048 MB, Compressed Oops mode: 32-bit

CDS archive(s) mapped at: [0x0000025d00000000-0x0000025d00ba0000-0x0000025d00ba0000), size 12189696, SharedBaseAddress: 0x0000025d00000000, ArchiveRelocationMode: 1.
Compressed class space mapped at: 0x0000025d01000000-0x0000025d41000000, reserved size: 1073741824
Narrow klass base: 0x0000025d00000000, Narrow klass shift: 0, Narrow klass range: 0x100000000

GC Precious Log:
 CardTable entry size: 512
 CPUs: 4 total, 4 available
 Memory: 8047M
 Large Page Support: Disabled
 NUMA Support: Disabled
 Compressed Oops: Enabled (32-bit)
 Alignments: Space 512K, Generation 512K, Heap 2M
 Heap Min Capacity: 100M
 Heap Initial Capacity: 100M
 Heap Max Capacity: 2G
 Pre-touch: Disabled
 Parallel Workers: 4

Heap:
 PSYoungGen      total 29696K, used 27378K [0x00000000d5580000, 0x00000000d7680000, 0x0000000100000000)
  eden space 25600K, 90% used [0x00000000d5580000,0x00000000d6c3f1c8,0x00000000d6e80000)
  from space 4096K, 99% used [0x00000000d7280000,0x00000000d767d810,0x00000000d7680000)
  to   space 4096K, 0% used [0x00000000d6e80000,0x00000000d6e80000,0x00000000d7280000)
 ParOldGen       total 68608K, used 1935K [0x0000000080000000, 0x0000000084300000, 0x00000000d5580000)
  object space 68608K, 2% used [0x0000000080000000,0x00000000801e3eb8,0x0000000084300000)
 Metaspace       used 9447K, committed 9792K, reserved 1114112K
  class space    used 1010K, committed 1152K, reserved 1048576K

Card table byte_map: [0x0000025d56360000,0x0000025d56770000] _byte_map_base: 0x0000025d55f60000

Marking Bits: (ParMarkBitMap*) 0x00007ff8d8424460
 Begin Bits: [0x0000025d68e70000, 0x0000025d6ae70000)
 End Bits:   [0x0000025d6ae70000, 0x0000025d6ce70000)

Polling page: 0x0000025d55ff0000

Metaspace:

Usage:
  Non-class:      8.24 MB used.
      Class:   1010.68 KB used.
       Both:      9.23 MB used.

Virtual space:
  Non-class space:       64.00 MB reserved,       8.44 MB ( 13%) committed,  1 nodes.
      Class space:        1.00 GB reserved,       1.12 MB ( <1%) committed,  1 nodes.
             Both:        1.06 GB reserved,       9.56 MB ( <1%) committed. 

Chunk freelists:
   Non-Class:  6.66 MB
       Class:  14.79 MB
        Both:  21.44 MB

MaxMetaspaceSize: unlimited
CompressedClassSpaceSize: 1.00 GB
Initial GC threshold: 21.00 MB
Current GC threshold: 21.00 MB
CDS: on
 - commit_granule_bytes: 65536.
 - commit_granule_words: 8192.
 - virtual_space_node_default_size: 8388608.
 - enlarge_chunks_in_place: 1.
 - use_allocation_guard: 0.


Internal statistics:

num_allocs_failed_limit: 0.
num_arena_births: 256.
num_arena_deaths: 0.
num_vsnodes_births: 2.
num_vsnodes_deaths: 0.
num_space_committed: 153.
num_space_uncommitted: 0.
num_chunks_returned_to_freelist: 0.
num_chunks_taken_from_freelist: 508.
num_chunk_merges: 0.
num_chunk_splits: 323.
num_chunks_enlarged: 210.
num_inconsistent_stats: 0.

CodeHeap 'non-profiled nmethods': size=120000Kb used=983Kb max_used=983Kb free=119016Kb
 bounds [0x0000025d61690000, 0x0000025d61900000, 0x0000025d68bc0000]
CodeHeap 'profiled nmethods': size=120000Kb used=3962Kb max_used=3962Kb free=116037Kb
 bounds [0x0000025d59bc0000, 0x0000025d59fa0000, 0x0000025d610f0000]
CodeHeap 'non-nmethods': size=5760Kb used=1228Kb max_used=1260Kb free=4531Kb
 bounds [0x0000025d610f0000, 0x0000025d61360000, 0x0000025d61690000]
CodeCache: size=245760Kb, used=6173Kb, max_used=6205Kb, free=239584Kb
 total_blobs=2654, nmethods=2160, adapters=400, full_count=0
Compilation: enabled, stopped_count=0, restarted_count=0

Compilation events (20 events):
Event: 5.786 Thread 0x0000025d6d44d040 2151       3       java.util.Collections$3::nextElement (10 bytes)
Event: 5.786 Thread 0x0000025d6d44d040 nmethod 2151 0x0000025d59f97010 code [0x0000025d59f971c0, 0x0000025d59f97398]
Event: 5.794 Thread 0x0000025d6d3d9550 nmethod 2140 0x0000025d6177eb90 code [0x0000025d6177ee40, 0x0000025d617802a8]
Event: 5.794 Thread 0x0000025d6d3d9550 2142 %     4       org.eclipse.osgi.util.ManifestElement::readLine @ 0 (122 bytes)
Event: 5.890 Thread 0x0000025d6d44d040 2152       3       org.eclipse.osgi.storage.BundleInfo$CachedManifest::get (120 bytes)
Event: 5.892 Thread 0x0000025d6d44d040 nmethod 2152 0x0000025d59f97490 code [0x0000025d59f97800, 0x0000025d59f98ba8]
Event: 5.892 Thread 0x0000025d6d44d040 2154       3       org.eclipse.osgi.framework.util.CaseInsensitiveDictionaryMap$EntryIterator::hasNext (10 bytes)
Event: 5.892 Thread 0x0000025d6d44d040 nmethod 2154 0x0000025d59f99390 code [0x0000025d59f99540, 0x0000025d59f99718]
Event: 5.892 Thread 0x0000025d6d44d040 2153       3       org.eclipse.osgi.framework.util.CaseInsensitiveDictionaryMap$KeyIterator::next (27 bytes)
Event: 5.892 Thread 0x0000025d6d44d040 nmethod 2153 0x0000025d59f99810 code [0x0000025d59f999e0, 0x0000025d59f99dd0]
Event: 5.907 Thread 0x0000025d6d3d9550 nmethod 2142% 0x0000025d61780c10 code [0x0000025d617810c0, 0x0000025d61783c88]
Event: 5.930 Thread 0x0000025d6d44d040 2155       3       org.eclipse.osgi.framework.util.CaseInsensitiveDictionaryMap$CaseInsentiveEntry::getValue (10 bytes)
Event: 5.930 Thread 0x0000025d6d44d040 nmethod 2155 0x0000025d59f99f10 code [0x0000025d59f9a0c0, 0x0000025d59f9a298]
Event: 5.944 Thread 0x0000025d6d3d9550 2156       4       org.eclipse.osgi.util.ManifestElement::readLine (122 bytes)
Event: 5.947 Thread 0x0000025d6d44d040 2158       3       sun.nio.fs.NativeBuffers::getNativeBufferFromCache (51 bytes)
Event: 5.948 Thread 0x0000025d6d44d040 nmethod 2158 0x0000025d59f9a390 code [0x0000025d59f9a580, 0x0000025d59f9ac88]
Event: 5.949 Thread 0x0000025d6d44d040 2159       3       sun.nio.fs.NativeBuffer::close (5 bytes)
Event: 5.949 Thread 0x0000025d6d44d040 nmethod 2159 0x0000025d59f9ae90 code [0x0000025d59f9b040, 0x0000025d59f9b1e8]
Event: 5.981 Thread 0x0000025d6d44d040 2160       3       java.util.stream.Sink$ChainedReference::cancellationRequested (10 bytes)
Event: 5.981 Thread 0x0000025d6d44d040 nmethod 2160 0x0000025d59f9b290 code [0x0000025d59f9b440, 0x0000025d59f9b618]

GC Heap History (4 events):
Event: 2.605 GC heap before
{Heap before GC invocations=1 (full 0):
 PSYoungGen      total 29696K, used 25600K [0x00000000d5580000, 0x00000000d7680000, 0x0000000100000000)
  eden space 25600K, 100% used [0x00000000d5580000,0x00000000d6e80000,0x00000000d6e80000)
  from space 4096K, 0% used [0x00000000d7280000,0x00000000d7280000,0x00000000d7680000)
  to   space 4096K, 0% used [0x00000000d6e80000,0x00000000d6e80000,0x00000000d7280000)
 ParOldGen       total 68608K, used 0K [0x0000000080000000, 0x0000000084300000, 0x00000000d5580000)
  object space 68608K, 0% used [0x0000000080000000,0x0000000080000000,0x0000000084300000)
 Metaspace       used 4370K, committed 4608K, reserved 1114112K
  class space    used 474K, committed 576K, reserved 1048576K
}
Event: 2.624 GC heap after
{Heap after GC invocations=1 (full 0):
 PSYoungGen      total 29696K, used 3335K [0x00000000d5580000, 0x00000000d7680000, 0x0000000100000000)
  eden space 25600K, 0% used [0x00000000d5580000,0x00000000d5580000,0x00000000d6e80000)
  from space 4096K, 81% used [0x00000000d6e80000,0x00000000d71c1e98,0x00000000d7280000)
  to   space 4096K, 0% used [0x00000000d7280000,0x00000000d7280000,0x00000000d7680000)
 ParOldGen       total 68608K, used 0K [0x0000000080000000, 0x0000000084300000, 0x00000000d5580000)
  object space 68608K, 0% used [0x0000000080000000,0x0000000080000000,0x0000000084300000)
 Metaspace       used 4370K, committed 4608K, reserved 1114112K
  class space    used 474K, committed 576K, reserved 1048576K
}
Event: 4.863 GC heap before
{Heap before GC invocations=2 (full 0):
 PSYoungGen      total 29696K, used 28935K [0x00000000d5580000, 0x00000000d7680000, 0x0000000100000000)
  eden space 25600K, 100% used [0x00000000d5580000,0x00000000d6e80000,0x00000000d6e80000)
  from space 4096K, 81% used [0x00000000d6e80000,0x00000000d71c1e98,0x00000000d7280000)
  to   space 4096K, 0% used [0x00000000d7280000,0x00000000d7280000,0x00000000d7680000)
 ParOldGen       total 68608K, used 0K [0x0000000080000000, 0x0000000084300000, 0x00000000d5580000)
  object space 68608K, 0% used [0x0000000080000000,0x0000000080000000,0x0000000084300000)
 Metaspace       used 8030K, committed 8256K, reserved 1114112K
  class space    used 832K, committed 960K, reserved 1048576K
}
Event: 4.871 GC heap after
{Heap after GC invocations=2 (full 0):
 PSYoungGen      total 29696K, used 4086K [0x00000000d5580000, 0x00000000d7680000, 0x0000000100000000)
  eden space 25600K, 0% used [0x00000000d5580000,0x00000000d5580000,0x00000000d6e80000)
  from space 4096K, 99% used [0x00000000d7280000,0x00000000d767d810,0x00000000d7680000)
  to   space 4096K, 0% used [0x00000000d6e80000,0x00000000d6e80000,0x00000000d7280000)
 ParOldGen       total 68608K, used 1935K [0x0000000080000000, 0x0000000084300000, 0x00000000d5580000)
  object space 68608K, 2% used [0x0000000080000000,0x00000000801e3eb8,0x0000000084300000)
 Metaspace       used 8030K, committed 8256K, reserved 1114112K
  class space    used 832K, committed 960K, reserved 1048576K
}

Dll operation events (9 events):
Event: 0.041 Loaded shared library c:\Users\digit\.antigravity\extensions\redhat.java-1.55.0-win32-x64\jre\21.0.11-win32-x86_64\bin\java.dll
Event: 0.269 Loaded shared library c:\Users\digit\.antigravity\extensions\redhat.java-1.55.0-win32-x64\jre\21.0.11-win32-x86_64\bin\zip.dll
Event: 0.385 Loaded shared library C:\Users\digit\.antigravity\extensions\redhat.java-1.55.0-win32-x64\jre\21.0.11-win32-x86_64\bin\instrument.dll
Event: 0.566 Loaded shared library C:\Users\digit\.antigravity\extensions\redhat.java-1.55.0-win32-x64\jre\21.0.11-win32-x86_64\bin\net.dll
Event: 0.574 Loaded shared library C:\Users\digit\.antigravity\extensions\redhat.java-1.55.0-win32-x64\jre\21.0.11-win32-x86_64\bin\nio.dll
Event: 0.593 Loaded shared library C:\Users\digit\.antigravity\extensions\redhat.java-1.55.0-win32-x64\jre\21.0.11-win32-x86_64\bin\zip.dll
Event: 0.672 Loaded shared library C:\Users\digit\.antigravity\extensions\redhat.java-1.55.0-win32-x64\jre\21.0.11-win32-x86_64\bin\jimage.dll
Event: 0.946 Loaded shared library c:\Users\digit\.antigravity\extensions\redhat.java-1.55.0-win32-x64\jre\21.0.11-win32-x86_64\bin\verify.dll
Event: 4.901 Loaded shared library C:\Users\digit\AppData\Roaming\Antigravity\User\globalStorage\redhat.java\1.55.0\config_win\org.eclipse.equinox.launcher\org.eclipse.equinox.launcher.win32.win32.x86_64_1.3.100.v20260613-0559\eclipse_11924.dll

Deoptimization events (20 events):
Event: 5.886 Thread 0x0000025d6ea34f40 DEOPT PACKING pc=0x0000025d6176f814 sp=0x0000008df0afda60
Event: 5.887 Thread 0x0000025d6ea34f40 DEOPT UNPACKING pc=0x0000025d61143aa2 sp=0x0000008df0afda40 mode 2
Event: 5.887 Thread 0x0000025d6ea34f40 Uncommon trap: trap_request=0xffffffde fr.pc=0x0000025d6176e694 relative=0x0000000000000334
Event: 5.887 Thread 0x0000025d6ea34f40 Uncommon trap: reason=class_check action=maybe_recompile pc=0x0000025d6176e694 method=java.util.regex.Pattern$BmpCharPropertyGreedy.match(Ljava/util/regex/Matcher;ILjava/lang/CharSequence;)Z @ 26 c2
Event: 5.887 Thread 0x0000025d6ea34f40 DEOPT PACKING pc=0x0000025d6176e694 sp=0x0000008df0afd740
Event: 5.887 Thread 0x0000025d6ea34f40 DEOPT UNPACKING pc=0x0000025d61143aa2 sp=0x0000008df0afd6f8 mode 2
Event: 5.887 Thread 0x0000025d6ea34f40 Uncommon trap: trap_request=0xffffffde fr.pc=0x0000025d6176e694 relative=0x0000000000000334
Event: 5.887 Thread 0x0000025d6ea34f40 Uncommon trap: reason=class_check action=maybe_recompile pc=0x0000025d6176e694 method=java.util.regex.Pattern$BmpCharPropertyGreedy.match(Ljava/util/regex/Matcher;ILjava/lang/CharSequence;)Z @ 26 c2
Event: 5.887 Thread 0x0000025d6ea34f40 DEOPT PACKING pc=0x0000025d6176e694 sp=0x0000008df0afd640
Event: 5.887 Thread 0x0000025d6ea34f40 DEOPT UNPACKING pc=0x0000025d61143aa2 sp=0x0000008df0afd5d8 mode 2
Event: 5.887 Thread 0x0000025d6ea34f40 Uncommon trap: trap_request=0xffffffde fr.pc=0x0000025d6176e694 relative=0x0000000000000334
Event: 5.887 Thread 0x0000025d6ea34f40 Uncommon trap: reason=class_check action=maybe_recompile pc=0x0000025d6176e694 method=java.util.regex.Pattern$BmpCharPropertyGreedy.match(Ljava/util/regex/Matcher;ILjava/lang/CharSequence;)Z @ 26 c2
Event: 5.887 Thread 0x0000025d6ea34f40 DEOPT PACKING pc=0x0000025d6176e694 sp=0x0000008df0afd740
Event: 5.887 Thread 0x0000025d6ea34f40 DEOPT UNPACKING pc=0x0000025d61143aa2 sp=0x0000008df0afd6f8 mode 2
Event: 5.887 Thread 0x0000025d6ea34f40 Uncommon trap: trap_request=0xffffffde fr.pc=0x0000025d6176e694 relative=0x0000000000000334
Event: 5.887 Thread 0x0000025d6ea34f40 Uncommon trap: reason=class_check action=maybe_recompile pc=0x0000025d6176e694 method=java.util.regex.Pattern$BmpCharPropertyGreedy.match(Ljava/util/regex/Matcher;ILjava/lang/CharSequence;)Z @ 26 c2
Event: 5.887 Thread 0x0000025d6ea34f40 DEOPT PACKING pc=0x0000025d6176e694 sp=0x0000008df0afd640
Event: 5.887 Thread 0x0000025d6ea34f40 DEOPT UNPACKING pc=0x0000025d61143aa2 sp=0x0000008df0afd5d8 mode 2
Event: 5.944 Thread 0x0000025d6ea34f40 DEOPT PACKING pc=0x0000025d59f78075 sp=0x0000008df0afdc70
Event: 5.944 Thread 0x0000025d6ea34f40 DEOPT UNPACKING pc=0x0000025d61144242 sp=0x0000008df0afd150 mode 0

Classes loaded (20 events):
Event: 5.278 Loading class sun/util/logging/resources/logging_fr_FR
Event: 5.278 Loading class sun/util/logging/resources/logging_fr_FR done
Event: 5.278 Loading class sun/util/logging/resources/logging_fr_FR
Event: 5.278 Loading class sun/util/logging/resources/logging_fr_FR done
Event: 5.282 Loading class java/util/Formatter$DateTime
Event: 5.282 Loading class java/util/Formatter$DateTime done
Event: 5.282 Loading class java/util/Formatter$FixedString
Event: 5.282 Loading class java/util/Formatter$FixedString done
Event: 5.283 Loading class java/time/ZonedDateTime$1
Event: 5.283 Loading class java/time/ZonedDateTime$1 done
Event: 5.291 Loading class jdk/internal/module/ModulePatcher$PatchedModuleReader
Event: 5.292 Loading class jdk/internal/module/ModulePatcher$PatchedModuleReader done
Event: 5.308 Loading class sun/util/resources/LocaleData$CommonResourceBundleProvider
Event: 5.308 Loading class sun/util/resources/LocaleData$LocaleDataResourceBundleProvider
Event: 5.308 Loading class java/util/spi/ResourceBundleProvider
Event: 5.308 Loading class java/util/spi/ResourceBundleProvider done
Event: 5.308 Loading class sun/util/resources/LocaleData$LocaleDataResourceBundleProvider done
Event: 5.308 Loading class sun/util/resources/LocaleData$CommonResourceBundleProvider done
Event: 5.310 Loading class sun/util/resources/Bundles$2
Event: 5.311 Loading class sun/util/resources/Bundles$2 done

Classes unloaded (0 events):
No events

Classes redefined (0 events):
No events

Internal exceptions (20 events):
Event: 2.769 Thread 0x0000025d54632b50 Implicit null exception at 0x0000025d616e7d49 to 0x0000025d616e870c
Event: 2.769 Thread 0x0000025d54632b50 Implicit null exception at 0x0000025d616ece1a to 0x0000025d616ed03c
Event: 2.774 Thread 0x0000025d54632b50 Exception <a 'java/lang/NoSuchMethodError'{0x00000000d56f1dd8}: 'void java.lang.invoke.DirectMethodHandle$Holder.invokeStatic(java.lang.Object, java.lang.Object, java.lang.Object, java.lang.Object)'> (0x00000000d56f1dd8) 
thrown [s\src\hotspot\share\interpreter\linkResolver.cpp, line 773]
Event: 2.780 Thread 0x0000025d54632b50 Implicit null exception at 0x0000025d616f201a to 0x0000025d616f2234
Event: 2.780 Thread 0x0000025d54632b50 Implicit null exception at 0x0000025d616eb5c0 to 0x0000025d616eb645
Event: 2.969 Thread 0x0000025d54632b50 Exception <a 'java/lang/NoSuchMethodError'{0x00000000d59d97a0}: 'void java.lang.invoke.DirectMethodHandle$Holder.invokeSpecial(java.lang.Object, java.lang.Object, java.lang.Object)'> (0x00000000d59d97a0) 
thrown [s\src\hotspot\share\interpreter\linkResolver.cpp, line 773]
Event: 3.887 Thread 0x0000025d54632b50 Exception <a 'java/lang/NoSuchMethodError'{0x00000000d643c580}: 'int java.lang.invoke.DirectMethodHandle$Holder.invokeVirtual(java.lang.Object, java.lang.Object)'> (0x00000000d643c580) 
thrown [s\src\hotspot\share\interpreter\linkResolver.cpp, line 773]
Event: 4.307 Thread 0x0000025d54632b50 Exception <a 'java/lang/NoSuchMethodError'{0x00000000d65c4b10}: 'int java.lang.invoke.DirectMethodHandle$Holder.invokeStaticInit(java.lang.Object, java.lang.Object, java.lang.Object, java.lang.Object)'> (0x00000000d65c4b10) 
thrown [s\src\hotspot\share\interpreter\linkResolver.cpp, line 773]
Event: 4.309 Thread 0x0000025d54632b50 Exception <a 'java/lang/IncompatibleClassChangeError'{0x00000000d65cd1f8}: Found class java.lang.Object, but interface was expected> (0x00000000d65cd1f8) 
thrown [s\src\hotspot\share\interpreter\linkResolver.cpp, line 840]
Event: 4.312 Thread 0x0000025d54632b50 Exception <a 'java/lang/NoSuchMethodError'{0x00000000d65d40c8}: 'void java.lang.invoke.DirectMethodHandle$Holder.invokeStaticInit(java.lang.Object, java.lang.Object)'> (0x00000000d65d40c8) 
thrown [s\src\hotspot\share\interpreter\linkResolver.cpp, line 773]
Event: 4.315 Thread 0x0000025d54632b50 Exception <a 'java/lang/NoSuchMethodError'{0x00000000d65ddbc0}: 'int java.lang.invoke.DirectMethodHandle$Holder.invokeStaticInit(java.lang.Object, java.lang.Object)'> (0x00000000d65ddbc0) 
thrown [s\src\hotspot\share\interpreter\linkResolver.cpp, line 773]
Event: 4.526 Thread 0x0000025d54632b50 Exception <a 'java/lang/NoSuchMethodError'{0x00000000d682a180}: 'java.lang.Object java.lang.invoke.DirectMethodHandle$Holder.newInvokeSpecial(java.lang.Object, int, java.lang.Object)'> (0x00000000d682a180) 
thrown [s\src\hotspot\share\interpreter\linkResolver.cpp, line 773]
Event: 4.611 Thread 0x0000025d54632b50 Exception <a 'java/lang/ClassNotFoundException'{0x00000000d6a51268}: sun/net/www/protocol/plurl/Handler> (0x00000000d6a51268) 
thrown [s\src\hotspot\share\classfile\systemDictionary.cpp, line 313]
Event: 4.611 Thread 0x0000025d54632b50 Exception <a 'java/lang/ClassNotFoundException'{0x00000000d6a520e8}: sun/net/www/protocol/plurl/Handler> (0x00000000d6a520e8) 
thrown [s\src\hotspot\share\classfile\systemDictionary.cpp, line 313]
Event: 4.894 Thread 0x0000025d54632b50 Exception <a 'java/lang/UnsatisfiedLinkError'{0x00000000d55d7e40}: 'void org.eclipse.equinox.launcher.JNIBridge._update_splash()'> (0x00000000d55d7e40) 
thrown [s\src\hotspot\share\prims\nativeLookup.cpp, line 415]
Event: 4.985 Thread 0x0000025d6e85dac0 Exception <a 'java/lang/NoSuchMethodError'{0x00000000d58823e8}: 'void java.lang.invoke.DirectMethodHandle$Holder.invokeInterface(java.lang.Object, java.lang.Object, java.lang.Object)'> (0x00000000d58823e8) 
thrown [s\src\hotspot\share\interpreter\linkResolver.cpp, line 773]
Event: 5.161 Thread 0x0000025d6ea34f40 Exception <a 'java/lang/NoSuchMethodError'{0x00000000d5c71780}: 'java.lang.Object java.lang.invoke.DirectMethodHandle$Holder.newInvokeSpecial(java.lang.Object, java.lang.Object, int, java.lang.Object)'> (0x00000000d5c71780) 
thrown [s\src\hotspot\share\interpreter\linkResolver.cpp, line 773]
Event: 5.161 Thread 0x0000025d6ea34f40 Exception <a 'java/lang/NoSuchMethodError'{0x00000000d5c755b0}: 'java.lang.Object java.lang.invoke.DirectMethodHandle$Holder.invokeSpecial(java.lang.Object, java.lang.Object, java.lang.Object, int, java.lang.Object)'> (0x00000000d5c755b0) 
thrown [s\src\hotspot\share\interpreter\linkResolver.cpp, line 773]
Event: 5.190 Thread 0x0000025d6ea34f40 Exception <a 'java/lang/NoClassDefFoundError'{0x00000000d5d1bec8}: jakarta/servlet/ServletContainerInitializer> (0x00000000d5d1bec8) 
thrown [s\src\hotspot\share\classfile\systemDictionary.cpp, line 302]
Event: 5.276 Thread 0x0000025d6ea34f40 Exception <a 'java/lang/ClassNotFoundException'{0x00000000d5e94120}: sun/util/logging/resources/spi/loggingProvider> (0x00000000d5e94120) 
thrown [s\src\hotspot\share\classfile\systemDictionary.cpp, line 313]

ZGC Phase Switch (0 events):
No events

VM Operations (20 events):
Event: 3.632 Executing safepoint VM operation: Cleanup
Event: 3.632 Executing safepoint VM operation: Cleanup done
Event: 4.450 Executing non-safepoint VM operation: HandshakeAllThreads (Deoptimize)
Event: 4.450 Executing non-safepoint VM operation: HandshakeAllThreads (Deoptimize) done
Event: 4.468 Executing non-safepoint VM operation: HandshakeAllThreads (Deoptimize)
Event: 4.469 Executing non-safepoint VM operation: HandshakeAllThreads (Deoptimize) done
Event: 4.577 Executing non-safepoint VM operation: HandshakeAllThreads (Deoptimize)
Event: 4.577 Executing non-safepoint VM operation: HandshakeAllThreads (Deoptimize) done
Event: 4.597 Executing non-safepoint VM operation: HandshakeAllThreads (Deoptimize)
Event: 4.597 Executing non-safepoint VM operation: HandshakeAllThreads (Deoptimize) done
Event: 4.863 Executing safepoint VM operation: ParallelGCFailedAllocation (Allocation Failure)
Event: 4.872 Executing safepoint VM operation: ParallelGCFailedAllocation (Allocation Failure) done
Event: 5.220 Executing non-safepoint VM operation: HandshakeAllThreads (Deoptimize)
Event: 5.221 Executing non-safepoint VM operation: HandshakeAllThreads (Deoptimize) done
Event: 5.292 Executing non-safepoint VM operation: HandshakeAllThreads (Deoptimize)
Event: 5.292 Executing non-safepoint VM operation: HandshakeAllThreads (Deoptimize) done
Event: 5.354 Executing non-safepoint VM operation: HandshakeAllThreads (Deoptimize)
Event: 5.355 Executing non-safepoint VM operation: HandshakeAllThreads (Deoptimize) done
Event: 5.370 Executing non-safepoint VM operation: HandshakeAllThreads (Deoptimize)
Event: 5.370 Executing non-safepoint VM operation: HandshakeAllThreads (Deoptimize) done

Memory protections (0 events):
No events

Nmethod flushes (0 events):
No events

Events (17 events):
Event: 0.068 Thread 0x0000025d54632b50 Thread added: 0x0000025d54632b50
Event: 0.132 Thread 0x0000025d54632b50 Thread added: 0x0000025d56a7ce10
Event: 0.132 Thread 0x0000025d54632b50 Thread added: 0x0000025d56a7e680
Event: 0.133 Thread 0x0000025d54632b50 Thread added: 0x0000025d6d3d30b0
Event: 0.133 Thread 0x0000025d54632b50 Thread added: 0x0000025d6d3d3fd0
Event: 0.133 Thread 0x0000025d54632b50 Thread added: 0x0000025d6d3d7cb0
Event: 0.133 Thread 0x0000025d54632b50 Thread added: 0x0000025d6d3d8710
Event: 0.133 Thread 0x0000025d54632b50 Thread added: 0x0000025d6d3d9550
Event: 0.149 Thread 0x0000025d54632b50 Thread added: 0x0000025d6d44d040
Event: 0.388 Thread 0x0000025d54632b50 Thread added: 0x0000025d6e145b40
Event: 1.317 Thread 0x0000025d54632b50 Thread added: 0x0000025d6e2383f0
Event: 4.356 Thread 0x0000025d54632b50 Thread added: 0x0000025d6e70b820
Event: 4.876 Thread 0x0000025d6d44d040 Thread added: 0x0000025d6e85d410
Event: 4.891 Thread 0x0000025d54632b50 Thread added: 0x0000025d6e85dac0
Event: 4.996 Thread 0x0000025d6e85dac0 Thread added: 0x0000025d6ec27330
Event: 5.002 Thread 0x0000025d54632b50 Thread added: 0x0000025d6ea34f40
Event: 5.728 Thread 0x0000025d6e85d410 Thread exited: 0x0000025d6e85d410


Dynamic libraries:
0x00007ff767d60000 - 0x00007ff767d6e000 	c:\Users\digit\.antigravity\extensions\redhat.java-1.55.0-win32-x64\jre\21.0.11-win32-x86_64\bin\java.exe
0x00007ff942010000 - 0x00007ff942228000 	C:\WINDOWS\SYSTEM32\ntdll.dll
0x00007ff940660000 - 0x00007ff940724000 	C:\WINDOWS\System32\KERNEL32.DLL
0x00007ff93f410000 - 0x00007ff93f7e3000 	C:\WINDOWS\System32\KERNELBASE.dll
0x00007ff93f7f0000 - 0x00007ff93f901000 	C:\WINDOWS\System32\ucrtbase.dll
0x00007ff92b510000 - 0x00007ff92b528000 	c:\Users\digit\.antigravity\extensions\redhat.java-1.55.0-win32-x64\jre\21.0.11-win32-x86_64\bin\jli.dll
0x00007ff93ffd0000 - 0x00007ff940182000 	C:\WINDOWS\System32\USER32.dll
0x00007ff93f150000 - 0x00007ff93f176000 	C:\WINDOWS\System32\win32u.dll
0x00007ff93ffa0000 - 0x00007ff93ffc9000 	C:\WINDOWS\System32\GDI32.dll
0x00007ff93f180000 - 0x00007ff93f29b000 	C:\WINDOWS\System32\gdi32full.dll
0x00007ff93fa50000 - 0x00007ff93faea000 	C:\WINDOWS\System32\msvcp_win.dll
0x00007ff923ef0000 - 0x00007ff923f0e000 	c:\Users\digit\.antigravity\extensions\redhat.java-1.55.0-win32-x64\jre\21.0.11-win32-x86_64\bin\VCRUNTIME140.dll
0x00007ff92afb0000 - 0x00007ff92b24c000 	C:\WINDOWS\WinSxS\amd64_microsoft.windows.common-controls_6595b64144ccf1df_6.0.22621.6060_none_2712eda17382d24b\COMCTL32.dll
0x00007ff9418f0000 - 0x00007ff941997000 	C:\WINDOWS\System32\msvcrt.dll
0x00007ff940730000 - 0x00007ff940761000 	C:\WINDOWS\System32\IMM32.DLL
0x000000006aa40000 - 0x000000006aa4d000 	C:\Program Files (x86)\360\Total Security\safemon\SafeWrapper.dll
0x00007ff93fdc0000 - 0x00007ff93fe71000 	C:\WINDOWS\System32\ADVAPI32.dll
0x00007ff940440000 - 0x00007ff9404e8000 	C:\WINDOWS\System32\sechost.dll
0x00007ff93f120000 - 0x00007ff93f148000 	C:\WINDOWS\System32\bcrypt.dll
0x00007ff93fe80000 - 0x00007ff93ff98000 	C:\WINDOWS\System32\RPCRT4.dll
0x00007ff938100000 - 0x00007ff938205000 	C:\Program Files (x86)\360\Total Security\safemon\libzdtp64.dll
0x00007ff941040000 - 0x00007ff9418dc000 	C:\WINDOWS\System32\SHELL32.dll
0x00007ff93faf0000 - 0x00007ff93fc2f000 	C:\WINDOWS\System32\wintypes.dll
0x00007ff941c30000 - 0x00007ff941fc1000 	C:\WINDOWS\System32\combase.dll
0x00007ff941bc0000 - 0x00007ff941c29000 	C:\WINDOWS\System32\SHLWAPI.dll
0x00007ff93ed60000 - 0x00007ff93ed6a000 	C:\WINDOWS\SYSTEM32\VERSION.dll
0x00007ff92b500000 - 0x00007ff92b50c000 	c:\Users\digit\.antigravity\extensions\redhat.java-1.55.0-win32-x64\jre\21.0.11-win32-x86_64\bin\vcruntime140_1.dll
0x00007ff8d9ac0000 - 0x00007ff8d9b4d000 	c:\Users\digit\.antigravity\extensions\redhat.java-1.55.0-win32-x64\jre\21.0.11-win32-x86_64\bin\msvcp140.dll
0x00007ff8d7760000 - 0x00007ff8d8502000 	c:\Users\digit\.antigravity\extensions\redhat.java-1.55.0-win32-x64\jre\21.0.11-win32-x86_64\bin\server\jvm.dll
0x00007ff940c80000 - 0x00007ff940cf1000 	C:\WINDOWS\System32\WS2_32.dll
0x00007ff93dec0000 - 0x00007ff93df0d000 	C:\WINDOWS\SYSTEM32\POWRPROF.dll
0x00007ff92de10000 - 0x00007ff92de44000 	C:\WINDOWS\SYSTEM32\WINMM.dll
0x00007ff93dea0000 - 0x00007ff93deb3000 	C:\WINDOWS\SYSTEM32\UMPDC.dll
0x00007ff93e140000 - 0x00007ff93e158000 	C:\WINDOWS\SYSTEM32\kernel.appcore.dll
0x00007ff923ee0000 - 0x00007ff923eea000 	c:\Users\digit\.antigravity\extensions\redhat.java-1.55.0-win32-x64\jre\21.0.11-win32-x86_64\bin\jimage.dll
0x00007ff92b2c0000 - 0x00007ff92b4f3000 	C:\WINDOWS\SYSTEM32\DBGHELP.DLL
0x00007ff940d80000 - 0x00007ff940e58000 	C:\WINDOWS\System32\OLEAUT32.dll
0x00007ff92fab0000 - 0x00007ff92fae2000 	C:\WINDOWS\SYSTEM32\dbgcore.DLL
0x00007ff93fc30000 - 0x00007ff93fcab000 	C:\WINDOWS\System32\bcryptPrimitives.dll
0x00007ff923ed0000 - 0x00007ff923edf000 	c:\Users\digit\.antigravity\extensions\redhat.java-1.55.0-win32-x64\jre\21.0.11-win32-x86_64\bin\instrument.dll
0x00007ff923eb0000 - 0x00007ff923ed0000 	c:\Users\digit\.antigravity\extensions\redhat.java-1.55.0-win32-x64\jre\21.0.11-win32-x86_64\bin\java.dll
0x00007ff93cf70000 - 0x00007ff93d88a000 	C:\WINDOWS\SYSTEM32\windows.storage.dll
0x00007ff941a20000 - 0x00007ff941b24000 	C:\WINDOWS\System32\SHCORE.dll
0x00007ff93f050000 - 0x00007ff93f075000 	C:\WINDOWS\SYSTEM32\profapi.dll
0x00007ff923e90000 - 0x00007ff923ea8000 	c:\Users\digit\.antigravity\extensions\redhat.java-1.55.0-win32-x64\jre\21.0.11-win32-x86_64\bin\zip.dll
0x00007ff9186b0000 - 0x00007ff9186c0000 	C:\Users\digit\.antigravity\extensions\redhat.java-1.55.0-win32-x64\jre\21.0.11-win32-x86_64\bin\net.dll
0x00007ff93cc30000 - 0x00007ff93cd5c000 	C:\WINDOWS\SYSTEM32\WINHTTP.dll
0x00007ff93e600000 - 0x00007ff93e669000 	C:\WINDOWS\system32\mswsock.dll
0x00007ff918690000 - 0x00007ff9186a6000 	C:\Users\digit\.antigravity\extensions\redhat.java-1.55.0-win32-x64\jre\21.0.11-win32-x86_64\bin\nio.dll
0x00007ff918680000 - 0x00007ff918690000 	c:\Users\digit\.antigravity\extensions\redhat.java-1.55.0-win32-x64\jre\21.0.11-win32-x86_64\bin\verify.dll
0x00007ff8c3380000 - 0x00007ff8c33c5000 	C:\Users\digit\AppData\Roaming\Antigravity\User\globalStorage\redhat.java\1.55.0\config_win\org.eclipse.equinox.launcher\org.eclipse.equinox.launcher.win32.win32.x86_64_1.3.100.v20260613-0559\eclipse_11924.dll
0x00007ff940190000 - 0x00007ff940331000 	C:\WINDOWS\System32\ole32.dll

JVMTI agents:
c:\Users\digit\.antigravity\extensions\redhat.java-1.55.0-win32-x64\lombok\lombok-1.18.39-4050.jar path:c:\Users\digit\.antigravity\extensions\redhat.java-1.55.0-win32-x64\jre\21.0.11-win32-x86_64\bin\instrument.dll, loaded, initialized, instrumentlib options:none

dbghelp: loaded successfully - version: 4.0.5 - missing functions: none
symbol engine: initialized successfully - sym options: 0x614 - pdb path: .;c:\Users\digit\.antigravity\extensions\redhat.java-1.55.0-win32-x64\jre\21.0.11-win32-x86_64\bin;C:\WINDOWS\SYSTEM32;C:\WINDOWS\WinSxS\amd64_microsoft.windows.common-controls_6595b64144ccf1df_6.0.22621.6060_none_2712eda17382d24b;C:\Program Files (x86)\360\Total Security\safemon;c:\Users\digit\.antigravity\extensions\redhat.java-1.55.0-win32-x64\jre\21.0.11-win32-x86_64\bin\server;C:\Users\digit\AppData\Roaming\Antigravity\User\globalStorage\redhat.java\1.55.0\config_win\org.eclipse.equinox.launcher\org.eclipse.equinox.launcher.win32.win32.x86_64_1.3.100.v20260613-0559

VM Arguments:
jvm_args: --add-modules=ALL-SYSTEM --add-opens=java.base/java.util=ALL-UNNAMED --add-opens=java.base/java.lang=ALL-UNNAMED --add-opens=java.base/sun.nio.fs=ALL-UNNAMED -Declipse.application=org.eclipse.jdt.ls.core.id1 -Dosgi.bundles.defaultStartLevel=4 -Declipse.product=org.eclipse.jdt.ls.core.product -Djava.import.generatesMetadataFilesAtProjectRoot=false -DDetectVMInstallationsJob.disabled=true -Dfile.encoding=utf8 -XX:+UseParallelGC -XX:GCTimeRatio=4 -XX:AdaptiveSizePolicyWeight=90 -Dsun.zip.disableMemoryMapping=true -Xmx2G -Xms100m -Xlog:disable -javaagent:c:\Users\digit\.antigravity\extensions\redhat.java-1.55.0-win32-x64\lombok\lombok-1.18.39-4050.jar -XX:+HeapDumpOnOutOfMemoryError -XX:HeapDumpPath=c:\Users\digit\AppData\Roaming\Antigravity\User\workspaceStorage\93b6f5fe83d92538670ccc65f9a9c866\redhat.java -Daether.dependencyCollector.impl=bf 
java_command: c:\Users\digit\.antigravity\extensions\redhat.java-1.55.0-win32-x64\server\plugins\org.eclipse.equinox.launcher_1.7.200.v20260619-2039.jar -configuration c:\Users\digit\AppData\Roaming\Antigravity\User\globalStorage\redhat.java\1.55.0\config_win -data c:\Users\digit\AppData\Roaming\Antigravity\User\workspaceStorage\93b6f5fe83d92538670ccc65f9a9c866\redhat.java\jdt_ws --pipe=\\.\pipe\lsp-4d4d7f3da60f4ea2e86358e549dcfb7e-sock
java_class_path (initial): c:\Users\digit\.antigravity\extensions\redhat.java-1.55.0-win32-x64\server\plugins\org.eclipse.equinox.launcher_1.7.200.v20260619-2039.jar
Launcher Type: SUN_STANDARD

[Global flags]
    uintx AdaptiveSizePolicyWeight                 = 90                                        {product} {command line}
     intx CICompilerCount                          = 3                                         {product} {ergonomic}
    uintx GCTimeRatio                              = 4                                         {product} {command line}
     bool HeapDumpOnOutOfMemoryError               = true                                   {manageable} {command line}
    ccstr HeapDumpPath                             = c:\Users\digit\AppData\Roaming\Antigravity\User\workspaceStorage\93b6f5fe83d92538670ccc65f9a9c866\redhat.java         {manageable} {command line}
   size_t InitialHeapSize                          = 104857600                                 {product} {command line}
   size_t MaxHeapSize                              = 2147483648                                {product} {command line}
   size_t MaxNewSize                               = 715653120                                 {product} {ergonomic}
   size_t MinHeapDeltaBytes                        = 524288                                    {product} {ergonomic}
   size_t MinHeapSize                              = 104857600                                 {product} {command line}
   size_t NewSize                                  = 34603008                                  {product} {ergonomic}
    uintx NonNMethodCodeHeapSize                   = 5832780                                {pd product} {ergonomic}
    uintx NonProfiledCodeHeapSize                  = 122912730                              {pd product} {ergonomic}
   size_t OldSize                                  = 70254592                                  {product} {ergonomic}
    uintx ProfiledCodeHeapSize                     = 122912730                              {pd product} {ergonomic}
    uintx ReservedCodeCacheSize                    = 251658240                              {pd product} {ergonomic}
     bool SegmentedCodeCache                       = true                                      {product} {ergonomic}
   size_t SoftMaxHeapSize                          = 2147483648                             {manageable} {ergonomic}
     bool UseCompressedOops                        = true                           {product lp64_product} {ergonomic}
     bool UseLargePagesIndividualAllocation        = false                                  {pd product} {ergonomic}
     bool UseParallelGC                            = true                                      {product} {command line}

Logging:
Log output configuration:
 #0: stdout all=off uptime,level,tags foldmultilines=false
 #1: stderr all=off uptime,level,tags foldmultilines=false

Release file:
JAVA_VERSION="21.0.11" 
MODULES="java.base java.compiler java.datatransfer java.xml java.prefs java.desktop java.instrument java.logging java.management java.security.sasl java.naming java.rmi java.management.rmi java.net.http java.scripting java.security.jgss java.transaction.xa java.sql java.sql.rowset java.xml.crypto java.se java.smartcardio jdk.accessibility jdk.internal.jvmstat jdk.attach jdk.charsets jdk.internal.opt jdk.zipfs jdk.compiler jdk.crypto.ec jdk.crypto.cryptoki jdk.crypto.mscapi jdk.dynalink jdk.internal.ed jdk.editpad jdk.hotspot.agent jdk.httpserver jdk.internal.le jdk.internal.vm.ci jdk.internal.vm.compiler jdk.internal.vm.compiler.management jdk.jartool jdk.javadoc jdk.jcmd jdk.management jdk.management.agent jdk.jconsole jdk.jdeps jdk.jdwp.agent jdk.jdi jdk.jfr jdk.jshell jdk.jsobject jdk.jstatd jdk.localedata jdk.management.jfr jdk.naming.dns jdk.naming.rmi jdk.net jdk.nio.mapmode jdk.random jdk.sctp jdk.security.auth jdk.security.jgss jdk.unsupported jdk.unsupported.desktop jdk.xml.dom" 

Environment Variables:
JAVA_HOME=C:\Program Files\Java\jdk-25
PATH=C:\WINDOWS\system32;C:\WINDOWS;C:\WINDOWS\System32\Wbem;C:\WINDOWS\System32\WindowsPowerShell\v1.0\;C:\WINDOWS\System32\OpenSSH\;C:\Program Files\Git\cmd;C:\Program Files\nodejs\;C:\Users\digit\.local\bin;C:\Users\digit\AppData\Local\Microsoft\WindowsApps;C:\Users\digit\AppData\Local\Programs\Microsoft VS Code\bin;C:\Users\digit\AppData\Roaming\npm;C:\Program Files\cursor\resources\app\bin;C:\Program Files\Microsoft SQL Server\170\Tools\Binn\;C:\Program Files\Microsoft SQL Server\170\DTS\Binn\;C:\Program Files (x86)\Microsoft SQL Server\170\Tools\Binn\;C:\Program Files\Microsoft SQL Server\Client SDK\ODBC\180\Tools\Binn\;C:\Program Files\Apache\apache-maven-3.9.14-bin\apache-maven-3.9.14\bin;C:\Program Files\Apache\apache-maven-3.9.14-bin\apache-maven-3.9.14\bin;C:\Program Files\Java\jdk-25\bin;C:\Program Files\dotnet\;C:\Users\digit\AppData\Local\Packages\PythonSoftwareFoundation.Python.3.11_qbz5n2kfra8p0\LocalCache\local-packages\Python311\Scripts;C:\Users\digit\Downloads\gradle-9.5.1-bin\gradle-9.5.1\bin;C:\Users\digit\.local\bin;C:\Users\digit\AppData\Local\Microsoft\WindowsApps;C:\Users\digit\AppData\Local\Programs\Microsoft VS Code\bin;C:\Users\digit\AppData\Roaming\npm;C:\Users\digit\AppData\Local\Packages\PythonSoftwareFoundation.Python.3.11_qbz5n2kfra8p0\LocalCache\local-packages\Python311\Scripts;C:\Users\digit\AppData\Local\Packages\PythonSoftwareFoundation.Python.3.11_qbz5n2kfra8p0\LocalCache\local-packages\Python311\Scripts;C:\Users\digit\AppData\Local\Packages\PythonSoftwareFoundation.Python.3.11_qbz5n2kfra8p0\LocalCache\local-packages\Python311\Scripts;C:\Users\digit\AppData\Local\Packages\PythonSoftwareFoundation.Python.3.11_qbz5n2kfra8p0\LocalCache\local-packages\Python311\Scripts;C:\Users\digit\AppData\Local\Packages\PythonSoftwareFoundation.Python.3.11_qbz5n2kfra8p0\LocalCache\local-packages\Python311\Scripts;C:\Users\digit\AppData\Local\Packages\PythonSoftwareFoundation.Python.3.11_qbz5n2kfra8p0\LocalCache\local-packages\Python311\Scripts;C:\Users\digit\.dotnet\tools;C:\Users\digit\AppData\Local\Programs\Antigravity\bin
USERNAME=digit
OS=Windows_NT
PROCESSOR_IDENTIFIER=Intel64 Family 6 Model 78 Stepping 3, GenuineIntel
TMP=C:\Users\digit\AppData\Local\Temp
TEMP=C:\Users\digit\AppData\Local\Temp




Periodic native trim disabled

---------------  S Y S T E M  ---------------

OS:
 Windows 11 , 64 bit Build 22621 (10.0.22621.5415)
OS uptime: 0 days 6:26 hours
Hyper-V role detected

CPU: total 4 (initial active 4) (2 cores per cpu, 2 threads per core) family 6 model 78 stepping 3 microcode 0xd6, cx8, cmov, fxsr, ht, mmx, 3dnowpref, sse, sse2, sse3, ssse3, sse4.1, sse4.2, popcnt, lzcnt, tsc, tscinvbit, avx, avx2, aes, erms, clmul, bmi1, bmi2, rtm, adx, fma, vzeroupper, clflush, clflushopt, hv, rdtscp, f16c
Processor Information for the first 4 processors :
  Max Mhz: 2496, Current Mhz: 2396, Mhz Limit: 2396

Memory: 4k page, system-wide physical 8047M (268M free)
TotalPageFile size 17256M (AvailPageFile size 71M)
current process WorkingSet (physical memory assigned to process): 102M, peak: 103M
current process commit charge ("private bytes"): 235M, peak: 236M

vm_info: OpenJDK 64-Bit Server VM (21.0.11+10-LTS) for windows-amd64 JRE (21.0.11+10-LTS), built on 2026-04-21T00:00:00Z by "admin" with MS VC++ 17.12 (VS2022)

END.
